Component: ARM Compiler 5.06 update 6 (build 750) Tool: armlink [4d35ed]

==============================================================================

Section Cross References

    main.o(i.main) refers to gd32f4xx_it.o(i.board_init) for board_init
    main.o(i.main) refers to bsp_uart.o(i.bsp_uart_init) for bsp_uart_init
    main.o(i.main) refers to bsp_enet.o(i.lwip_comm_init) for lwip_comm_init
    main.o(i.main) refers to noretval__2printf.o(.text) for __2printf
    main.o(i.main) refers to gd32f4xx_it.o(i.get_system_tick) for get_system_tick
    main.o(i.main) refers to bsp_enet.o(i.lwip_periodic_handle) for lwip_periodic_handle
    gd32f4xx_it.o(i.ENET_IRQHandler) refers to gd32f4xx_enet.o(i.enet_interrupt_flag_clear) for enet_interrupt_flag_clear
    gd32f4xx_it.o(i.ENET_IRQHandler) refers to gd32f4xx_enet.o(i.enet_rxframe_size_get) for enet_rxframe_size_get
    gd32f4xx_it.o(i.ENET_IRQHandler) refers to bsp_enet.o(i.lwip_pkt_handle) for lwip_pkt_handle
    gd32f4xx_it.o(i.SDIO_IRQHandler) refers to sdcard.o(i.sd_interrupts_process) for sd_interrupts_process
    gd32f4xx_it.o(i.SysTick_Handler) refers to soft_timer.o(i.soft_timer_tick) for soft_timer_tick
    gd32f4xx_it.o(i.SysTick_Handler) refers to gd32f4xx_it.o(.data) for g_system_tick
    gd32f4xx_it.o(i.board_init) refers to gd32f4xx_misc.o(i.nvic_priority_group_set) for nvic_priority_group_set
    gd32f4xx_it.o(i.board_init) refers to gd32f4xx_misc.o(i.nvic_vector_table_set) for nvic_vector_table_set
    gd32f4xx_it.o(i.board_init) refers to gd32f4xx_it.o(i.systick_config) for systick_config
    gd32f4xx_it.o(i.delay_ms) refers to gd32f4xx_it.o(i.delay_us) for delay_us
    gd32f4xx_it.o(i.delay_us) refers to system_gd32f4xx.o(.data) for SystemCoreClock
    gd32f4xx_it.o(i.get_system_tick) refers to gd32f4xx_it.o(.data) for g_system_tick
    gd32f4xx_it.o(i.systick_config) refers to gd32f4xx_it.o(i.__NVIC_SetPriority) for __NVIC_SetPriority
    gd32f4xx_it.o(i.systick_config) refers to system_gd32f4xx.o(.data) for SystemCoreClock
    startup_gd32f407_427.o(STACK) refers (Special) to heapauxi.o(.text) for __use_two_region_memory
    startup_gd32f407_427.o(HEAP) refers (Special) to heapauxi.o(.text) for __use_two_region_memory
    startup_gd32f407_427.o(RESET) refers (Special) to heapauxi.o(.text) for __use_two_region_memory
    startup_gd32f407_427.o(RESET) refers to startup_gd32f407_427.o(STACK) for __initial_sp
    startup_gd32f407_427.o(RESET) refers to startup_gd32f407_427.o(.text) for Reset_Handler
    startup_gd32f407_427.o(RESET) refers to gd32f4xx_it.o(i.NMI_Handler) for NMI_Handler
    startup_gd32f407_427.o(RESET) refers to gd32f4xx_it.o(i.HardFault_Handler) for HardFault_Handler
    startup_gd32f407_427.o(RESET) refers to gd32f4xx_it.o(i.MemManage_Handler) for MemManage_Handler
    startup_gd32f407_427.o(RESET) refers to gd32f4xx_it.o(i.BusFault_Handler) for BusFault_Handler
    startup_gd32f407_427.o(RESET) refers to gd32f4xx_it.o(i.UsageFault_Handler) for UsageFault_Handler
    startup_gd32f407_427.o(RESET) refers to gd32f4xx_it.o(i.SysTick_Handler) for SysTick_Handler
    startup_gd32f407_427.o(RESET) refers to gd32f4xx_it.o(i.SDIO_IRQHandler) for SDIO_IRQHandler
    startup_gd32f407_427.o(RESET) refers to gd32f4xx_it.o(i.ENET_IRQHandler) for ENET_IRQHandler
    startup_gd32f407_427.o(.text) refers (Special) to heapauxi.o(.text) for __use_two_region_memory
    startup_gd32f407_427.o(.text) refers to system_gd32f4xx.o(i.SystemInit) for SystemInit
    startup_gd32f407_427.o(.text) refers to __main.o(!!!main) for __main
    startup_gd32f407_427.o(.text) refers to startup_gd32f407_427.o(HEAP) for Heap_Mem
    startup_gd32f407_427.o(.text) refers to startup_gd32f407_427.o(STACK) for Stack_Mem
    gd32f4xx_adc.o(i.adc_deinit) refers to gd32f4xx_rcu.o(i.rcu_periph_reset_enable) for rcu_periph_reset_enable
    gd32f4xx_adc.o(i.adc_deinit) refers to gd32f4xx_rcu.o(i.rcu_periph_reset_disable) for rcu_periph_reset_disable
    gd32f4xx_can.o(i.can_debug_freeze_disable) refers to gd32f4xx_dbg.o(i.dbg_periph_disable) for dbg_periph_disable
    gd32f4xx_can.o(i.can_debug_freeze_enable) refers to gd32f4xx_dbg.o(i.dbg_periph_enable) for dbg_periph_enable
    gd32f4xx_can.o(i.can_deinit) refers to gd32f4xx_rcu.o(i.rcu_periph_reset_enable) for rcu_periph_reset_enable
    gd32f4xx_can.o(i.can_deinit) refers to gd32f4xx_rcu.o(i.rcu_periph_reset_disable) for rcu_periph_reset_disable
    gd32f4xx_can.o(i.can_interrupt_flag_get) refers to gd32f4xx_can.o(i.can_receive_message_length_get) for can_receive_message_length_get
    gd32f4xx_can.o(i.can_interrupt_flag_get) refers to gd32f4xx_can.o(i.can_error_get) for can_error_get
    gd32f4xx_ctc.o(i.ctc_deinit) refers to gd32f4xx_rcu.o(i.rcu_periph_reset_enable) for rcu_periph_reset_enable
    gd32f4xx_ctc.o(i.ctc_deinit) refers to gd32f4xx_rcu.o(i.rcu_periph_reset_disable) for rcu_periph_reset_disable
[...]
    __scatterload_copy                       0x080001c5   Thumb Code    26  __scatter_copy.o(!!handler_copy)
    __scatterload_zeroinit                   0x080001e1   Thumb Code    28  __scatter_zi.o(!!handler_zi)
    _printf_d                                0x080001fd   Thumb Code     0  _printf_d.o(.ARM.Collect$$_printf_percent$$00000009)
    _printf_percent                          0x080001fd   Thumb Code     0  _printf_percent.o(.ARM.Collect$$_printf_percent$$00000000)
    _printf_percent_end                      0x08000203   Thumb Code     0  _printf_percent_end.o(.ARM.Collect$$_printf_percent$$00000017)
    __rt_lib_init                            0x08000207   Thumb Code     0  libinit.o(.ARM.Collect$$libinit$$00000000)
    __rt_lib_init_fp_1                       0x08000209   Thumb Code     0  libinit2.o(.ARM.Collect$$libinit$$00000001)
    __rt_lib_init_alloca_1                   0x0800020d   Thumb Code     0  libinit2.o(.ARM.Collect$$libinit$$0000002E)
    __rt_lib_init_argv_1                     0x0800020d   Thumb Code     0  libinit2.o(.ARM.Collect$$libinit$$0000002C)
    __rt_lib_init_atexit_1                   0x0800020d   Thumb Code     0  libinit2.o(.ARM.Collect$$libinit$$0000001B)
    __rt_lib_init_clock_1                    0x0800020d   Thumb Code     0  libinit2.o(.ARM.Collect$$libinit$$00000021)
    __rt_lib_init_cpp_1                      0x0800020d   Thumb Code     0  libinit2.o(.ARM.Collect$$libinit$$00000032)
    __rt_lib_init_exceptions_1               0x0800020d   Thumb Code     0  libinit2.o(.ARM.Collect$$libinit$$00000030)
    __rt_lib_init_fp_trap_1                  0x0800020d   Thumb Code     0  libinit2.o(.ARM.Collect$$libinit$$0000001F)
    __rt_lib_init_getenv_1                   0x0800020d   Thumb Code     0  libinit2.o(.ARM.Collect$$libinit$$00000023)
    __rt_lib_init_heap_1                     0x0800020d   Thumb Code     0  libinit2.o(.ARM.Collect$$libinit$$0000000A)
    __rt_lib_init_lc_collate_1               0x0800020d   Thumb Code     0  libinit2.o(.ARM.Collect$$libinit$$00000011)
    __rt_lib_init_lc_ctype_1                 0x0800020d   Thumb Code     0  libinit2.o(.ARM.Collect$$libinit$$00000013)
    __rt_lib_init_lc_monetary_1              0x0800020d   Thumb Code     0  libinit2.o(.ARM.Collect$$libinit$$00000015)
    __rt_lib_init_lc_numeric_1               0x0800020d   Thumb Code     0  libinit2.o(.ARM.Collect$$libinit$$00000017)
    __rt_lib_init_lc_time_1                  0x0800020d   Thumb Code     0  libinit2.o(.ARM.Collect$$libinit$$00000019)
    __rt_lib_init_preinit_1                  0x0800020d   Thumb Code     0  libinit2.o(.ARM.Collect$$libinit$$00000004)
    __rt_lib_init_rand_1                     0x0800020d   Thumb Code     0  libinit2.o(.ARM.Collect$$libinit$$0000000E)
    __rt_lib_init_return                     0x0800020d   Thumb Code     0  libinit2.o(.ARM.Collect$$libinit$$00000033)
    __rt_lib_init_signal_1                   0x0800020d   Thumb Code     0  libinit2.o(.ARM.Collect$$libinit$$0000001D)
    __rt_lib_init_stdio_1                    0x0800020d   Thumb Code     0  libinit2.o(.ARM.Collect$$libinit$$00000025)
    __rt_lib_init_user_alloc_1               0x0800020d   Thumb Code     0  libinit2.o(.ARM.Collect$$libinit$$0000000C)
    __rt_lib_shutdown                        0x0800020f   Thumb Code     0  libshutdown.o(.ARM.Collect$$libshutdown$$00000000)
    __rt_lib_shutdown_cpp_1                  0x08000211   Thumb Code     0  libshutdown2.o(.ARM.Collect$$libshutdown$$00000002)
    __rt_lib_shutdown_fp_trap_1              0x08000211   Thumb Code     0  libshutdown2.o(.ARM.Collect$$libshutdown$$00000007)
    __rt_lib_shutdown_heap_1                 0x08000211   Thumb Code     0  libshutdown2.o(.ARM.Collect$$libshutdown$$0000000F)
    __rt_lib_shutdown_return                 0x08000211   Thumb Code     0  libshutdown2.o(.ARM.Collect$$libshutdown$$00000010)
    __rt_lib_shutdown_signal_1               0x08000211   Thumb Code     0  libshutdown2.o(.ARM.Collect$$libshutdown$$0000000A)
    __rt_lib_shutdown_stdio_1                0x08000211   Thumb Code     0  libshutdown2.o(.ARM.Collect$$libshutdown$$00000004)
    __rt_lib_shutdown_user_alloc_1           0x08000211   Thumb Code     0  libshutdown2.o(.ARM.Collect$$libshutdown$$0000000C)
    __rt_entry                               0x08000213   Thumb Code     0  __rtentry.o(.ARM.Collect$$rtentry$$00000000)
    __rt_entry_presh_1                       0x08000213   Thumb Code     0  __rtentry2.o(.ARM.Collect$$rtentry$$00000002)
    __rt_entry_sh                            0x08000213   Thumb Code     0  __rtentry4.o(.ARM.Collect$$rtentry$$00000004)
    __rt_entry_li                            0x08000219   Thumb Code     0  __rtentry2.o(.ARM.Collect$$rtentry$$0000000A)
    __rt_entry_postsh_1                      0x08000219   Thumb Code     0  __rtentry2.o(.ARM.Collect$$rtentry$$00000009)
    __rt_entry_main                          0x0800021d   Thumb Code     0  __rtentry2.o(.ARM.Collect$$rtentry$$0000000D)
    __rt_entry_postli_1                      0x0800021d   Thumb Code     0  __rtentry2.o(.ARM.Collect$$rtentry$$0000000C)
    __rt_exit                                0x08000225   Thumb Code     0  rtexit.o(.ARM.Collect$$rtexit$$00000000)
    __rt_exit_ls                             0x08000227   Thumb Code     0  rtexit2.o(.ARM.Collect$$rtexit$$00000003)
    __rt_exit_prels_1                        0x08000227   Thumb Code     0  rtexit2.o(.ARM.Collect$$rtexit$$00000002)
    __rt_exit_exit                           0x0800022b   Thumb Code     0  rtexit2.o(.ARM.Collect$$rtexit$$00000004)
    Reset_Handler                            0x08000231   Thumb Code     8  startup_gd32f407_427.o(.text)
    SVC_Handler                              0x08000243   Thumb Code     2  startup_gd32f407_427.o(.text)
    DebugMon_Handler                         0x08000245   Thumb Code     2  startup_gd32f407_427.o(.text)
    PendSV_Handler                           0x08000247   Thumb Code     2  startup_gd32f407_427.o(.text)
    ADC_IRQHandler                           0x0800024b   Thumb Code     0  startup_gd32f407_427.o(.text)
    CAN0_EWMC_IRQHandler                     0x0800024b   Thumb Code     0  startup_gd32f407_427.o(.text)
    CAN0_RX0_IRQHandler                      0x0800024b   Thumb Code     0  startup_gd32f407_427.o(.text)
    CAN0_RX1_IRQHandler                      0x0800024b   Thumb Code     0  startup_gd32f407_427.o(.text)
    CAN0_TX_IRQHandler                       0x0800024b   Thumb Code     0  startup_gd32f407_427.o(.text)
    CAN1_EWMC_IRQHandler                     0x0800024b   Thumb Code     0  startup_gd32f407_427.o(.text)
    CAN1_RX0_IRQHandler                      0x0800024b   Thumb Code     0  startup_gd32f407_427.o(.text)
    CAN1_RX1_IRQHandler                      0x0800024b   Thumb Code     0  startup_gd32f407_427.o(.text)
    CAN1_TX_IRQHandler                       0x0800024b   Thumb Code     0  startup_gd32f407_427.o(.text)
    DCI_IRQHandler                           0x0800024b   Thumb Code     0  startup_gd32f407_427.o(.text)
    DMA0_Channel0_IRQHandler                 0x0800024b   Thumb Code     0  startup_gd32f407_427.o(.text)
    DMA0_Channel1_IRQHandler                 0x0800024b   Thumb Code     0  startup_gd32f407_427.o(.text)
    DMA0_Channel2_IRQHandler                 0x0800024b   Thumb Code     0  startup_gd32f407_427.o(.text)
    DMA0_Channel3_IRQHandler                 0x0800024b   Thumb Code     0  startup_gd32f407_427.o(.text)
    DMA0_Channel4_IRQHandler                 0x0800024b   Thumb Code     0  startup_gd32f407_427.o(.text)
    DMA0_Channel5_IRQHandler                 0x0800024b   Thumb Code     0  startup_gd32f407_427.o(.text)
    DMA0_Channel6_IRQHandler                 0x0800024b   Thumb Code     0  startup_gd32f407_427.o(.text)
    DMA0_Channel7_IRQHandler                 0x0800024b   Thumb Code     0  startup_gd32f407_427.o(.text)
    DMA1_Channel0_IRQHandler                 0x0800024b   Thumb Code     0  startup_gd32f407_427.o(.text)
    DMA1_Channel1_IRQHandler                 0x0800024b   Thumb Code     0  startup_gd32f407_427.o(.text)
    DMA1_Channel2_IRQHandler                 0x0800024b   Thumb Code     0  startup_gd32f407_427.o(.text)
    DMA1_Channel3_IRQHandler                 0x0800024b   Thumb Code     0  startup_gd32f407_427.o(.text)
    DMA1_Channel4_IRQHandler                 0x0800024b   Thumb Code     0  startup_gd32f407_427.o(.text)
    DMA1_Channel5_IRQHandler                 0x0800024b   Thumb Code     0  startup_gd32f407_427.o(.text)
    DMA1_Channel6_IRQHandler                 0x0800024b   Thumb Code     0  startup_gd32f407_427.o(.text)
    DMA1_Channel7_IRQHandler                 0x0800024b   Thumb Code     0  startup_gd32f407_427.o(.text)
    ENET_WKUP_IRQHandler                     0x0800024b   Thumb Code     0  startup_gd32f407_427.o(.text)
    EXMC_IRQHandler                          0x0800024b   Thumb Code     0  startup_gd32f407_427.o(.text)
    EXTI0_IRQHandler                         0x0800024b   Thumb Code     0  startup_gd32f407_427.o(.text)
    EXTI10_15_IRQHandler                     0x0800024b   Thumb Code     0  startup_gd32f407_427.o(.text)
    EXTI1_IRQHandler                         0x0800024b   Thumb Code     0  startup_gd32f407_427.o(.text)
    EXTI2_IRQHandler                         0x0800024b   Thumb Code     0  startup_gd32f407_427.o(.text)
    EXTI3_IRQHandler                         0x0800024b   Thumb Code     0  startup_gd32f407_427.o(.text)
    EXTI4_IRQHandler                         0x0800024b   Thumb Code     0  startup_gd32f407_427.o(.text)
    EXTI5_9_IRQHandler                       0x0800024b   Thumb Code     0  startup_gd32f407_427.o(.text)
    FMC_IRQHandler                           0x0800024b   Thumb Code     0  startup_gd32f407_427.o(.text)
    FPU_IRQHandler                           0x0800024b   Thumb Code     0  startup_gd32f407_427.o(.text)
    I2C0_ER_IRQHandler                       0x0800024b   Thumb Code     0  startup_gd32f407_427.o(.text)
    I2C0_EV_IRQHandler                       0x0800024b   Thumb Code     0  startup_gd32f407_427.o(.text)
    I2C1_ER_IRQHandler                       0x0800024b   Thumb Code     0  startup_gd32f407_427.o(.text)
    I2C1_EV_IRQHandler                       0x0800024b   Thumb Code     0  startup_gd32f407_427.o(.text)
    I2C2_ER_IRQHandler                       0x0800024b   Thumb Code     0  startup_gd32f407_427.o(.text)
    I2C2_EV_IRQHandler                       0x0800024b   Thumb Code     0  startup_gd32f407_427.o(.text)
    LVD_IRQHandler                           0x0800024b   Thumb Code     0  startup_gd32f407_427.o(.text)
    RCU_CTC_IRQHandler                       0x0800024b   Thumb Code     0  startup_gd32f407_427.o(.text)
    RTC_Alarm_IRQHandler                     0x0800024b   Thumb Code     0  startup_gd32f407_427.o(.text)
    RTC_WKUP_IRQHandler                      0x0800024b   Thumb Code     0  startup_gd32f407_427.o(.text)
    SPI0_IRQHandler                          0x0800024b   Thumb Code     0  startup_gd32f407_427.o(.text)
    SPI1_IRQHandler                          0x0800024b   Thumb Code     0  startup_gd32f407_427.o(.text)
    SPI2_IRQHandler                          0x0800024b   Thumb Code     0  startup_gd32f407_427.o(.text)
    TAMPER_STAMP_IRQHandler                  0x0800024b   Thumb Code     0  startup_gd32f407_427.o(.text)
    TIMER0_BRK_TIMER8_IRQHandler             0x0800024b   Thumb Code     0  startup_gd32f407_427.o(.text)
    TIMER0_Channel_IRQHandler                0x0800024b   Thumb Code     0  startup_gd32f407_427.o(.text)
    TIMER0_TRG_CMT_TIMER10_IRQHandler        0x0800024b   Thumb Code     0  startup_gd32f407_427.o(.text)
    TIMER0_UP_TIMER9_IRQHandler              0x0800024b   Thumb Code     0  startup_gd32f407_427.o(.text)
    TIMER1_IRQHandler                        0x0800024b   Thumb Code     0  startup_gd32f407_427.o(.text)
    TIMER2_IRQHandler                        0x0800024b   Thumb Code     0  startup_gd32f407_427.o(.text)
    TIMER3_IRQHandler                        0x0800024b   Thumb Code     0  startup_gd32f407_427.o(.text)
    TIMER4_IRQHandler                        0x0800024b   Thumb Code     0  startup_gd32f407_427.o(.text)
    TIMER5_DAC_IRQHandler                    0x0800024b   Thumb Code     0  startup_gd32f407_427.o(.text)
    TIMER6_IRQHandler                        0x0800024b   Thumb Code     0  startup_gd32f407_427.o(.text)
    TIMER7_BRK_TIMER11_IRQHandler            0x0800024b   Thumb Code     0  startup_gd32f407_427.o(.text)
    TIMER7_Channel_IRQHandler                0x0800024b   Thumb Code     0  startup_gd32f407_427.o(.text)
    TIMER7_TRG_CMT_TIMER13_IRQHandler        0x0800024b   Thumb Code     0  startup_gd32f407_427.o(.text)
    TIMER7_UP_TIMER12_IRQHandler             0x0800024b   Thumb Code     0  startup_gd32f407_427.o(.text)
    TRNG_IRQHandler                          0x0800024b   Thumb Code     0  startup_gd32f407_427.o(.text)
    UART3_IRQHandler                         0x0800024b   Thumb Code     0  startup_gd32f407_427.o(.text)
    UART4_IRQHandler                         0x0800024b   Thumb Code     0  startup_gd32f407_427.o(.text)
    USART0_IRQHandler                        0x0800024b   Thumb Code     0  startup_gd32f407_427.o(.text)
    USART1_IRQHandler                        0x0800024b   Thumb Code     0  startup_gd32f407_427.o(.text)
    USART2_IRQHandler                        0x0800024b   Thumb Code     0  startup_gd32f407_427.o(.text)
    USART5_IRQHandler                        0x0800024b   Thumb Code     0  startup_gd32f407_427.o(.text)
    USBFS_IRQHandler                         0x0800024b   Thumb Code     0  startup_gd32f407_427.o(.text)
    USBFS_WKUP_IRQHandler                    0x0800024b   Thumb Code     0  startup_gd32f407_427.o(.text)
    USBHS_EP1_In_IRQHandler                  0x0800024b   Thumb Code     0  startup_gd32f407_427.o(.text)
    USBHS_EP1_Out_IRQHandler                 0x0800024b   Thumb Code     0  startup_gd32f407_427.o(.text)
    USBHS_IRQHandler                         0x0800024b   Thumb Code     0  startup_gd32f407_427.o(.text)
    USBHS_WKUP_IRQHandler                    0x0800024b   Thumb Code     0  startup_gd32f407_427.o(.text)
    WWDGT_IRQHandler                         0x0800024b   Thumb Code     0  startup_gd32f407_427.o(.text)
    __user_initial_stackheap                 0x0800024d   Thumb Code    10  startup_gd32f407_427.o(.text)
    __2printf                                0x08000271   Thumb Code    20  noretval__2printf.o(.text)
    __printf                                 0x08000289   Thumb Code   104  __printf.o(.text)
    _printf_int_dec                          0x080002f1   Thumb Code   104  _printf_dec.o(.text)
    memcmp                                   0x08000369   Thumb Code    88  memcmp.o(.text)
    __aeabi_memcpy                           0x080003c1   Thumb Code     0  rt_memcpy_v6.o(.text)
    __rt_memcpy                              0x080003c1   Thumb Code   138  rt_memcpy_v6.o(.text)
    _memcpy_lastbytes                        0x08000427   Thumb Code     0  rt_memcpy_v6.o(.text)
    __aeabi_memclr                           0x0800044b   Thumb Code     0  rt_memclr.o(.text)
    __rt_memclr                              0x0800044b   Thumb Code    68  rt_memclr.o(.text)
    _memset                                  0x0800044f   Thumb Code     0  rt_memclr.o(.text)
    __aeabi_memclr4                          0x0800048f   Thumb Code     0  rt_memclr_w.o(.text)
    __aeabi_memclr8                          0x0800048f   Thumb Code     0  rt_memclr_w.o(.text)
    __rt_memclr_w                            0x0800048f   Thumb Code    78  rt_memclr_w.o(.text)
    _memset_w                                0x08000493   Thumb Code     0  rt_memclr_w.o(.text)
    __use_two_region_memory                  0x080004dd   Thumb Code     2  heapauxi.o(.text)
    __rt_heap_escrow$2region                 0x080004df   Thumb Code     2  heapauxi.o(.text)
    __rt_heap_expand$2region                 0x080004e1   Thumb Code     2  heapauxi.o(.text)
    _printf_int_common                       0x080004e3   Thumb Code   178  _printf_intcommon.o(.text)
    _printf_char_file                        0x08000595   Thumb Code    32  _printf_char_file.o(.text)
    __aeabi_memcpy4                          0x080005b9   Thumb Code     0  rt_memcpy_w.o(.text)
    __aeabi_memcpy8                          0x080005b9   Thumb Code     0  rt_memcpy_w.o(.text)
    __rt_memcpy_w                            0x080005b9   Thumb Code   100  rt_memcpy_w.o(.text)
    _memcpy_lastbytes_aligned                0x08000601   Thumb Code     0  rt_memcpy_w.o(.text)
    __user_libspace                          0x0800061d   Thumb Code     8  libspace.o(.text)
    __user_perproc_libspace                  0x0800061d   Thumb Code     0  libspace.o(.text)
    __user_perthread_libspace                0x0800061d   Thumb Code     0  libspace.o(.text)
    _printf_char_common                      0x0800062f   Thumb Code    32  _printf_char_common.o(.text)
    ferror                                   0x08000655   Thumb Code     8  ferror.o(.text)
    __user_setup_stackheap                   0x0800065d   Thumb Code    74  sys_stackheap_outer.o(.text)
    exit                                     0x080006a7   Thumb Code    18  exit.o(.text)
    BusFault_Handler                         0x080006b9   Thumb Code     4  gd32f4xx_it.o(i.BusFault_Handler)
    ENET_IRQHandler                          0x080006bd   Thumb Code    38  gd32f4xx_it.o(i.ENET_IRQHandler)
    HardFault_Handler                        0x080006e9   Thumb Code     4  gd32f4xx_it.o(i.HardFault_Handler)
    MemManage_Handler                        0x080006ed   Thumb Code     4  gd32f4xx_it.o(i.MemManage_Handler)
    NMI_Handler                              0x080006f1   Thumb Code     2  gd32f4xx_it.o(i.NMI_Handler)
    SDIO_IRQHandler                          0x080006f3   Thumb Code     8  gd32f4xx_it.o(i.SDIO_IRQHandler)
    SysTick_Handler                          0x080006fd   Thumb Code    18  gd32f4xx_it.o(i.SysTick_Handler)
    SystemInit                               0x08000715   Thumb Code   194  system_gd32f4xx.o(i.SystemInit)
    UsageFault_Handler                       0x080007e9   Thumb Code     4  gd32f4xx_it.o(i.UsageFault_Handler)
    _sys_exit                                0x08000815   Thumb Code     4  bsp_uart.o(i._sys_exit)
    board_init                               0x08000819   Thumb Code    26  gd32f4xx_it.o(i.board_init)
    bsp_uart_init                            0x08000833   Thumb Code    22  bsp_uart.o(i.bsp_uart_init)
    delay_ms                                 0x080009a9   Thumb Code    18  gd32f4xx_it.o(i.delay_ms)
    delay_us                                 0x080009bd   Thumb Code    74  gd32f4xx_it.o(i.delay_us)
    dhcp_arp_reply                           0x08000a11   Thumb Code    64  dhcp.o(i.dhcp_arp_reply)
    dhcp_coarse_tmr                          0x08000bfd   Thumb Code   114  dhcp.o(i.dhcp_coarse_tmr)
    dhcp_fine_tmr                            0x08000fdd   Thumb Code    56  dhcp.o(i.dhcp_fine_tmr)
    dhcp_release_and_stop                    0x080018f1   Thumb Code   214  dhcp.o(i.dhcp_release_and_stop)
    dhcp_renew                               0x080019d1   Thumb Code   248  dhcp.o(i.dhcp_renew)
    dhcp_start                               0x08001cad   Thumb Code   200  dhcp.o(i.dhcp_start)
    dhcp_supplied_address                    0x08001da9   Thumb Code    40  dhcp.o(i.dhcp_supplied_address)
    enet_deinit                              0x08001f8d   Thumb Code    24  gd32f4xx_enet.o(i.enet_deinit)
    enet_desc_information_get                0x08001fbd   Thumb Code    96  gd32f4xx_enet.o(i.enet_desc_information_get)
    enet_descriptors_chain_init              0x08002021   Thumb Code   162  gd32f4xx_enet.o(i.enet_descriptors_chain_init)
    enet_enable                              0x080020e9   Thumb Code    12  gd32f4xx_enet.o(i.enet_enable)
    enet_frame_receive                       0x080020f5   Thumb Code   236  gd32f4xx_enet.o(i.enet_frame_receive)
    enet_frame_transmit                      0x080021ed   Thumb Code   196  gd32f4xx_enet.o(i.enet_frame_transmit)
    enet_init                                0x08002449   Thumb Code   766  gd32f4xx_enet.o(i.enet_init)
    enet_initpara_reset                      0x08002775   Thumb Code    36  gd32f4xx_enet.o(i.enet_initpara_reset)
    enet_interrupt_enable                    0x0800279d   Thumb Code    66  gd32f4xx_enet.o(i.enet_interrupt_enable)
    enet_interrupt_flag_clear                0x080027e5   Thumb Code    18  gd32f4xx_enet.o(i.enet_interrupt_flag_clear)
    enet_mac_address_set                     0x080027fd   Thumb Code    42  gd32f4xx_enet.o(i.enet_mac_address_set)
    enet_phy_config                          0x08002871   Thumb Code   184  gd32f4xx_enet.o(i.enet_phy_config)
    enet_phy_write_read                      0x08002949   Thumb Code   148  gd32f4xx_enet.o(i.enet_phy_write_read)
    enet_rx_desc_immediate_receive_complete_interrupt 0x080029e5   Thumb Code    10  gd32f4xx_enet.o(i.enet_rx_desc_immediate_receive_complete_interrupt)
    enet_rx_enable                           0x080029f1   Thumb Code    26  gd32f4xx_enet.o(i.enet_rx_enable)
    enet_rxframe_drop                        0x08002a15   Thumb Code   158  gd32f4xx_enet.o(i.enet_rxframe_drop)
    enet_rxframe_size_get                    0x08002ac1   Thumb Code   138  gd32f4xx_enet.o(i.enet_rxframe_size_get)
    enet_software_reset                      0x08002b59   Thumb Code    52  gd32f4xx_enet.o(i.enet_software_reset)
    enet_tx_enable                           0x08002bc5   Thumb Code    32  gd32f4xx_enet.o(i.enet_tx_enable)
    enet_txfifo_flush                        0x08002bed   Thumb Code    44  gd32f4xx_enet.o(i.enet_txfifo_flush)
    etharp_input                             0x08002e2d   Thumb Code   226  etharp.o(i.etharp_input)
    etharp_output                            0x08002f21   Thumb Code   328  etharp.o(i.etharp_output)
    etharp_query                             0x0800312d   Thumb Code   422  etharp.o(i.etharp_query)
    etharp_request                           0x08003381   Thumb Code    22  etharp.o(i.etharp_request)
    etharp_tmr                               0x080033c9   Thumb Code   222  etharp.o(i.etharp_tmr)
    ethernet_input                           0x08003579   Thumb Code   210  ethernet.o(i.ethernet_input)
    ethernet_output                          0x08003651   Thumb Code    94  ethernet.o(i.ethernet_output)
    ethernetif_init                          0x080036b1   Thumb Code    38  ethernetif.o(i.ethernetif_init)
    ethernetif_input                         0x080036e1   Thumb Code    48  ethernetif.o(i.ethernetif_input)
    fputc                                    0x08003711   Thumb Code    36  bsp_uart.o(i.fputc)
    get_system_tick                          0x08003739   Thumb Code     6  gd32f4xx_it.o(i.get_system_tick)
    gpio_af_set                              0x08003745   Thumb Code    94  gd32f4xx_gpio.o(i.gpio_af_set)
    gpio_mode_set                            0x080037a3   Thumb Code    78  gd32f4xx_gpio.o(i.gpio_mode_set)
    gpio_output_options_set                  0x080037f1   Thumb Code    66  gd32f4xx_gpio.o(i.gpio_output_options_set)
    icmp_dest_unreach                        0x08003833   Thumb Code    18  icmp.o(i.icmp_dest_unreach)
    icmp_input                               0x08003845   Thumb Code   514  icmp.o(i.icmp_input)
    icmp_time_exceeded                       0x08003af7   Thumb Code    18  icmp.o(i.icmp_time_exceeded)
    inet_chksum                              0x08003b09   Thumb Code    20  inet_chksum.o(i.inet_chksum)
    inet_chksum_pbuf                         0x08003b1d   Thumb Code    86  inet_chksum.o(i.inet_chksum_pbuf)
    inet_chksum_pseudo                       0x08003b73   Thumb Code    76  inet_chksum.o(i.inet_chksum_pseudo)
    ip4_addr_isbroadcast_u32                 0x08003c4b   Thumb Code    78  ip4_addr.o(i.ip4_addr_isbroadcast_u32)
    ip4_frag                                 0x08003c99   Thumb Code   480  ip4_frag.o(i.ip4_frag)
    ip4_input                                0x08003e99   Thumb Code   536  ip4.o(i.ip4_input)
    ip4_output_if                            0x080040f5   Thumb Code    54  ip4.o(i.ip4_output_if)
    ip4_output_if_src                        0x0800412d   Thumb Code   312  ip4.o(i.ip4_output_if_src)
    ip4_reass                                0x0800426d   Thumb Code   546  ip4_frag.o(i.ip4_reass)
    ip4_route                                0x08004499   Thumb Code   144  ip4.o(i.ip4_route)
    ip_chksum_pseudo                         0x08004531   Thumb Code    36  inet_chksum.o(i.ip_chksum_pseudo)
    ip_reass_tmr                             0x080048b1   Thumb Code    56  ip4_frag.o(i.ip_reass_tmr)
    lan_phy_init                             0x0800490d   Thumb Code   556  bsp_enet.o(i.lan_phy_init)
    lwip_comm_init                           0x08004cc1   Thumb Code   564  bsp_enet.o(i.lwip_comm_init)
    lwip_htonl                               0x0800501d   Thumb Code    26  def.o(i.lwip_htonl)
    lwip_htons                               0x08005037   Thumb Code    12  def.o(i.lwip_htons)
    lwip_init                                0x08005043   Thumb Code    38  init.o(i.lwip_init)
    lwip_periodic_handle                     0x08005069   Thumb Code    50  bsp_enet.o(i.lwip_periodic_handle)
    lwip_pkt_handle                          0x080050a5   Thumb Code    10  bsp_enet.o(i.lwip_pkt_handle)
    lwip_standard_chksum                     0x080050b5   Thumb Code    94  inet_chksum.o(i.lwip_standard_chksum)
    main                                     0x08005115   Thumb Code    32  main.o(i.main)
    mem_free                                 0x08005145   Thumb Code   136  mem.o(i.mem_free)
    mem_init                                 0x080051d9   Thumb Code    76  mem.o(i.mem_init)
    mem_malloc                               0x0800528d   Thumb Code   260  mem.o(i.mem_malloc)
    mem_trim                                 0x080053a9   Thumb Code   280  mem.o(i.mem_trim)
    memp_free                                0x080054cd   Thumb Code    46  memp.o(i.memp_free)
    memp_init                                0x0800551d   Thumb Code    26  memp.o(i.memp_init)
    memp_init_pool                           0x0800553d   Thumb Code    44  memp.o(i.memp_init_pool)
    memp_malloc                              0x08005569   Thumb Code    42  memp.o(i.memp_malloc)
    netif_add                                0x080055b9   Thumb Code   282  netif.o(i.netif_add)
    netif_get_by_index                       0x080057ed   Thumb Code    36  netif.o(i.netif_get_by_index)
    netif_init                               0x08005815   Thumb Code     2  netif.o(i.netif_init)
    netif_set_addr                           0x08005861   Thumb Code    92  netif.o(i.netif_set_addr)
    netif_set_default                        0x080058c1   Thumb Code    10  netif.o(i.netif_set_default)
    netif_set_up                             0x080058d1   Thumb Code    74  netif.o(i.netif_set_up)
    nvic_irq_enable                          0x08005949   Thumb Code   186  gd32f4xx_misc.o(i.nvic_irq_enable)
    nvic_priority_group_set                  0x08005a0d   Thumb Code    10  gd32f4xx_misc.o(i.nvic_priority_group_set)
    nvic_vector_table_set                    0x08005a21   Thumb Code    16  gd32f4xx_misc.o(i.nvic_vector_table_set)
    pbuf_add_header                          0x08005a39   Thumb Code    18  pbuf.o(i.pbuf_add_header)
    pbuf_alloc                               0x08005ab5   Thumb Code   312  pbuf.o(i.pbuf_alloc)
    pbuf_alloc_reference                     0x08005bed   Thumb Code    56  pbuf.o(i.pbuf_alloc_reference)
    pbuf_alloced_custom                      0x08005c25   Thumb Code    90  pbuf.o(i.pbuf_alloced_custom)
    pbuf_cat                                 0x08005c81   Thumb Code    68  pbuf.o(i.pbuf_cat)
    pbuf_chain                               0x08005cfd   Thumb Code    26  pbuf.o(i.pbuf_chain)
    pbuf_clen                                0x08005d17   Thumb Code    18  pbuf.o(i.pbuf_clen)
    pbuf_clone                               0x08005d29   Thumb Code    48  pbuf.o(i.pbuf_clone)
    pbuf_copy                                0x08005d59   Thumb Code    46  pbuf.o(i.pbuf_copy)
    pbuf_copy_partial                        0x08005da5   Thumb Code   148  pbuf.o(i.pbuf_copy_partial)
    pbuf_copy_partial_pbuf                   0x08005e7d   Thumb Code   312  pbuf.o(i.pbuf_copy_partial_pbuf)
    pbuf_free                                0x08006071   Thumb Code   154  pbuf.o(i.pbuf_free)
    pbuf_header_force                        0x0800610b   Thumb Code    18  pbuf.o(i.pbuf_header_force)
    pbuf_realloc                             0x0800615d   Thumb Code   128  pbuf.o(i.pbuf_realloc)
    pbuf_ref                                 0x080061dd   Thumb Code    18  pbuf.o(i.pbuf_ref)
    pbuf_remove_header                       0x080061f1   Thumb Code    86  pbuf.o(i.pbuf_remove_header)
    rcu_ckout0_config                        0x08006449   Thumb Code    22  gd32f4xx_rcu.o(i.rcu_ckout0_config)
    rcu_clock_freq_get                       0x08006465   Thumb Code   264  gd32f4xx_rcu.o(i.rcu_clock_freq_get)
    rcu_periph_clock_enable                  0x08006589   Thumb Code    32  gd32f4xx_rcu.o(i.rcu_periph_clock_enable)
    rcu_periph_reset_disable                 0x080065ad   Thumb Code    32  gd32f4xx_rcu.o(i.rcu_periph_reset_disable)
    rcu_periph_reset_enable                  0x080065d1   Thumb Code    32  gd32f4xx_rcu.o(i.rcu_periph_reset_enable)
    read_lan_phy                             0x080065f5   Thumb Code    24  bsp_enet.o(i.read_lan_phy)
    sd_interrupts_process                    0x0800660d   Thumb Code   286  sdcard.o(i.sd_interrupts_process)
    sd_transfer_stop                         0x0800673d   Thumb Code    36  sdcard.o(i.sd_transfer_stop)
    sdio_command_index_get                   0x08006761   Thumb Code     8  gd32f4xx_sdio.o(i.sdio_command_index_get)
    sdio_command_response_config             0x0800676d   Thumb Code    52  gd32f4xx_sdio.o(i.sdio_command_response_config)
    sdio_csm_enable                          0x080067a5   Thumb Code    14  gd32f4xx_sdio.o(i.sdio_csm_enable)
    sdio_flag_clear                          0x080067b9   Thumb Code     6  gd32f4xx_sdio.o(i.sdio_flag_clear)
    sdio_interrupt_disable                   0x080067c5   Thumb Code    12  gd32f4xx_sdio.o(i.sdio_interrupt_disable)
    sdio_interrupt_flag_clear                0x080067d5   Thumb Code     6  gd32f4xx_sdio.o(i.sdio_interrupt_flag_clear)
    sdio_interrupt_flag_get                  0x080067e1   Thumb Code    16  gd32f4xx_sdio.o(i.sdio_interrupt_flag_get)
    sdio_response_get                        0x080067f5   Thumb Code    56  gd32f4xx_sdio.o(i.sdio_response_get)
    sdio_wait_type_set                       0x08006831   Thumb Code    22  gd32f4xx_sdio.o(i.sdio_wait_type_set)
    soft_timer_tick                          0x0800684d   Thumb Code    86  soft_timer.o(i.soft_timer_tick)
    sys_now                                  0x080068a9   Thumb Code     8  bsp_enet.o(i.sys_now)
    sys_timeout                              0x080068b1   Thumb Code    34  timeouts.o(i.sys_timeout)
    sys_timeouts_init                        0x08006965   Thumb Code    30  timeouts.o(i.sys_timeouts_init)
    syscfg_enet_phy_interface_config         0x0800698d   Thumb Code    18  gd32f4xx_syscfg.o(i.syscfg_enet_phy_interface_config)
    systick_config                           0x08006ab5   Thumb Code    76  gd32f4xx_it.o(i.systick_config)
    tcp_abandon                              0x08006b05   Thumb Code   244  tcp.o(i.tcp_abandon)
    tcp_abort                                0x08006c25   Thumb Code    14  tcp.o(i.tcp_abort)
    tcp_alloc                                0x08006c35   Thumb Code   186  tcp.o(i.tcp_alloc)
    tcp_close                                0x08006d01   Thumb Code    58  tcp.o(i.tcp_close)
    tcp_eff_send_mss_netif                   0x08006ff3   Thumb Code    52  tcp.o(i.tcp_eff_send_mss_netif)
    tcp_enqueue_flags                        0x08007027   Thumb Code   276  tcp_out.o(i.tcp_enqueue_flags)
    tcp_fasttmr                              0x0800713d   Thumb Code   150  tcp.o(i.tcp_fasttmr)
    tcp_free                                 0x080071e1   Thumb Code    18  tcp.o(i.tcp_free)
    tcp_init                                 0x08007319   Thumb Code     2  tcp.o(i.tcp_init)
    tcp_input                                0x0800731d   Thumb Code  1392  tcp_in.o(i.tcp_input)
    tcp_keepalive                            0x08007901   Thumb Code    98  tcp_out.o(i.tcp_keepalive)
    tcp_netif_ip_addr_changed                0x08007bf9   Thumb Code    64  tcp.o(i.tcp_netif_ip_addr_changed)
    tcp_next_iss                             0x08007c79   Thumb Code    26  tcp.o(i.tcp_next_iss)
    tcp_output                               0x08007c9d   Thumb Code   630  tcp_out.o(i.tcp_output)
    tcp_pcb_purge                            0x08008231   Thumb Code   108  tcp.o(i.tcp_pcb_purge)
    tcp_pcb_remove                           0x080082b9   Thumb Code   132  tcp.o(i.tcp_pcb_remove)
    tcp_process_refused_data                 0x08008941   Thumb Code   180  tcp.o(i.tcp_process_refused_data)
    tcp_recv_null                            0x08009025   Thumb Code    68  tcp.o(i.tcp_recv_null)
    tcp_recved                               0x08009085   Thumb Code   108  tcp.o(i.tcp_recved)
    tcp_rexmit                               0x08009125   Thumb Code   124  tcp_out.o(i.tcp_rexmit)
    tcp_rexmit_fast                          0x080091a1   Thumb Code   128  tcp_out.o(i.tcp_rexmit_fast)
    tcp_rexmit_rto                           0x08009221   Thumb Code    24  tcp_out.o(i.tcp_rexmit_rto)
    tcp_rexmit_rto_commit                    0x08009239   Thumb Code    34  tcp_out.o(i.tcp_rexmit_rto_commit)
    tcp_rexmit_rto_prepare                   0x0800925b   Thumb Code   146  tcp_out.o(i.tcp_rexmit_rto_prepare)
    tcp_rst                                  0x0800930b   Thumb Code   110  tcp_out.o(i.tcp_rst)
    tcp_seg_free                             0x08009379   Thumb Code    26  tcp.o(i.tcp_seg_free)
    tcp_segs_free                            0x08009393   Thumb Code    24  tcp.o(i.tcp_segs_free)
    tcp_send_empty_ack                       0x080093ab   Thumb Code   180  tcp_out.o(i.tcp_send_empty_ack)
    tcp_send_fin                             0x0800945f   Thumb Code    82  tcp_out.o(i.tcp_send_fin)
    tcp_slowtmr                              0x080094b1   Thumb Code  1040  tcp.o(i.tcp_slowtmr)
    tcp_split_unsent_seg                     0x080098c1   Thumb Code   438  tcp_out.o(i.tcp_split_unsent_seg)
    tcp_timer_needed                         0x08009a79   Thumb Code    38  timeouts.o(i.tcp_timer_needed)
    tcp_tmr                                  0x08009b61   Thumb Code    30  tcp.o(i.tcp_tmr)
    tcp_trigger_input_pcb_close              0x08009b85   Thumb Code    14  tcp_in.o(i.tcp_trigger_input_pcb_close)
    tcp_update_rcv_ann_wnd                   0x08009b99   Thumb Code    82  tcp.o(i.tcp_update_rcv_ann_wnd)
    tcp_zero_window_probe                    0x08009beb   Thumb Code   238  tcp_out.o(i.tcp_zero_window_probe)
    udp_bind                                 0x08009d11   Thumb Code   198  udp.o(i.udp_bind)
    udp_connect                              0x08009df9   Thumb Code   150  udp.o(i.udp_connect)
    udp_init                                 0x08009ecd   Thumb Code     2  udp.o(i.udp_init)
    udp_input                                0x08009ed1   Thumb Code   452  udp.o(i.udp_input)
    udp_netif_ip_addr_changed                0x0800a105   Thumb Code    42  udp.o(i.udp_netif_ip_addr_changed)
    udp_new                                  0x0800a135   Thumb Code    28  udp.o(i.udp_new)
    udp_recv                                 0x0800a1a9   Thumb Code    34  udp.o(i.udp_recv)
    udp_remove                               0x0800a1e5   Thumb Code    84  udp.o(i.udp_remove)
    udp_sendto_if                            0x0800a255   Thumb Code   162  udp.o(i.udp_sendto_if)
    udp_sendto_if_src                        0x0800a371   Thumb Code   392  udp.o(i.udp_sendto_if_src)
    usart_baudrate_set                       0x0800a5a5   Thumb Code   224  gd32f4xx_usart.o(i.usart_baudrate_set)
    usart_data_transmit                      0x0800a68d   Thumb Code     8  gd32f4xx_usart.o(i.usart_data_transmit)
    usart_deinit                             0x0800a695   Thumb Code   210  gd32f4xx_usart.o(i.usart_deinit)
    usart_enable                             0x0800a771   Thumb Code    10  gd32f4xx_usart.o(i.usart_enable)
    usart_flag_get                           0x0800a77b   Thumb Code    30  gd32f4xx_usart.o(i.usart_flag_get)
    usart_receive_config                     0x0800a799   Thumb Code    16  gd32f4xx_usart.o(i.usart_receive_config)
    usart_transmit_config                    0x0800a7a9   Thumb Code    16  gd32f4xx_usart.o(i.usart_transmit_config)
    write_lan_phy                            0x0800a7b9   Thumb Code    20  bsp_enet.o(i.write_lan_phy)
    _fp_init                                 0x0800a7cd   Thumb Code    10  fpinit.o(x$fpl$fpinit)
    __fplib_config_fpu_vfp                   0x0800a7d5   Thumb Code     0  fpinit.o(x$fpl$fpinit)
    __fplib_config_pureend_doubles           0x0800a7d5   Thumb Code     0  fpinit.o(x$fpl$fpinit)
    memp_UDP_PCB                             0x0800a874   Data          16  memp.o(.constdata)
    memp_TCP_PCB                             0x0800a884   Data          16  memp.o(.constdata)
    memp_TCP_PCB_LISTEN                      0x0800a894   Data          16  memp.o(.constdata)
    memp_TCP_SEG                             0x0800a8a4   Data          16  memp.o(.constdata)
    memp_REASSDATA                           0x0800a8b4   Data          16  memp.o(.constdata)
    memp_FRAG_PBUF                           0x0800a8c4   Data          16  memp.o(.constdata)
    memp_SYS_TIMEOUT                         0x0800a8d4   Data          16  memp.o(.constdata)
    memp_PBUF                                0x0800a8e4   Data          16  memp.o(.constdata)
    memp_PBUF_POOL                           0x0800a8f4   Data          16  memp.o(.constdata)
    memp_pools                               0x0800a904   Data          36  memp.o(.constdata)
    tcp_pcb_lists                            0x0800a968   Data          16  tcp.o(.constdata)
    lwip_cyclic_timers                       0x0800a978   Data          40  timeouts.o(.constdata)
    lwip_num_cyclic_timers                   0x0800a9a0   Data           4  timeouts.o(.constdata)
    ip_addr_any                              0x0800a9a4   Data           4  ip4_addr.o(.constdata)
    ip_addr_broadcast                        0x0800a9a8   Data           4  ip4_addr.o(.constdata)
    ethbroadcast                             0x0800a9ac   Data           6  ethernet.o(.constdata)
    ethzero                                  0x0800a9b2   Data           6  ethernet.o(.constdata)
    Region$$Table$$Base                      0x0800aa90   Number         0  anon$$obj.o(Region$$Table)
    Region$$Table$$Limit                     0x0800aab0   Number         0  anon$$obj.o(Region$$Table)
    dma_current_txdesc                       0x20000004   Data           4  gd32f4xx_enet.o(.data)
    dma_current_rxdesc                       0x20000008   Data           4  gd32f4xx_enet.o(.data)
    dma_current_ptp_txdesc                   0x2000000c   Data           4  gd32f4xx_enet.o(.data)
    dma_current_ptp_rxdesc                   0x20000010   Data           4  gd32f4xx_enet.o(.data)
    SystemCoreClock                          0x20000018   Data           4  system_gd32f4xx.o(.data)
    __stdout                                 0x2000001c   Data           4  bsp_uart.o(.data)
    tempreg                                  0x20000024   Data           4  bsp_enet.o(.data)
    set_lwip_10m                             0x20000028   Data           1  bsp_enet.o(.data)
    lan_is_disconnect                        0x20000029   Data           1  bsp_enet.o(.data)
    tcp_timer                                0x2000002c   Data           4  bsp_enet.o(.data)
    arp_timer                                0x20000030   Data           4  bsp_enet.o(.data)
    sd_scr                                   0x20000034   Data           8  sdcard.o(.data)
    netif_list                               0x20000088   Data           4  netif.o(.data)
    netif_default                            0x2000008c   Data           4  netif.o(.data)
    tcp_ticks                                0x20000098   Data           4  tcp.o(.data)
    tcp_bound_pcbs                           0x2000009c   Data           4  tcp.o(.data)
    tcp_listen_pcbs                          0x200000a0   Data           4  tcp.o(.data)
    tcp_active_pcbs                          0x200000a4   Data           4  tcp.o(.data)
    tcp_tw_pcbs                              0x200000a8   Data           4  tcp.o(.data)
    tcp_active_pcbs_changed                  0x200000ac   Data           1  tcp.o(.data)
    tcp_input_pcb                            0x200000d8   Data           4  tcp_in.o(.data)
    udp_pcbs                                 0x200000ec   Data           4  udp.o(.data)
    dhcp_rx_options_given                    0x200000f0   Data           8  dhcp.o(.data)
    rxdesc_tab                               0x20000114   Data          80  gd32f4xx_enet.o(.bss)
    txdesc_tab                               0x20000164   Data          80  gd32f4xx_enet.o(.bss)
    rx_buff                                  0x200001b4   Data        7620  gd32f4xx_enet.o(.bss)
    tx_buff                                  0x20001f78   Data        7620  gd32f4xx_enet.o(.bss)
    lwipdev                                  0x20003df0   Data          22  bsp_enet.o(.bss)
    lwip_netif                               0x20003e08   Data          56  bsp_enet.o(.bss)
    ip_data                                  0x20003e40   Data          24  ip.o(.bss)
    ram_heap                                 0x20003e58   Data       20499  mem.o(.bss)
    memp_memory_UDP_PCB_base                 0x20008e6b   Data         195  memp.o(.bss)
    memp_memory_TCP_PCB_base                 0x20008f2e   Data        1523  memp.o(.bss)
    memp_memory_TCP_PCB_LISTEN_base          0x20009521   Data         171  memp.o(.bss)
    memp_memory_TCP_SEG_base                 0x200095cc   Data         243  memp.o(.bss)
    memp_memory_REASSDATA_base               0x200096bf   Data         163  memp.o(.bss)
    memp_memory_FRAG_PBUF_base               0x20009762   Data         363  memp.o(.bss)
    memp_memory_SYS_TIMEOUT_base             0x200098cd   Data         163  memp.o(.bss)
    memp_memory_PBUF_base                    0x20009970   Data         163  memp.o(.bss)
    memp_memory_PBUF_POOL_base               0x20009a13   Data       15163  memp.o(.bss)
    dhcp_rx_options_val                      0x2000d564   Data          32  dhcp.o(.bss)
    __libspace_start                         0x2000d674   Data          96  libspace.o(.bss)
    __temporary_stack_top$libspace           0x2000d6d4   Data           0  libspace.o(.bss)



==============================================================================

Memory Map of the image

  Image Entry point : 0x08000189

  Load Region LR_IROM1 (Base: 0x08000000, Size: 0x0000abc4, Max: 0x00100000, ABSOLUTE)

    Execution Region ER_IROM1 (Exec base: 0x08000000, Load base: 0x08000000, Size: 0x0000aab0, Max: 0x00100000, ABSOLUTE)

    Exec Addr    Load Addr    Size         Type   Attr      Idx    E Section Name        Object

    0x08000000   0x08000000   0x00000188   Data   RO          284    RESET               startup_gd32f407_427.o
    0x08000188   0x08000188   0x00000008   Code   RO         9151  * !!!main             c_w.l(__main.o)
    0x08000190   0x08000190   0x00000034   Code   RO         9344    !!!scatter          c_w.l(__scatter.o)
    0x080001c4   0x080001c4   0x0000001a   Code   RO         9346    !!handler_copy      c_w.l(__scatter_copy.o)
    0x080001de   0x080001de   0x00000002   PAD
    0x080001e0   0x080001e0   0x0000001c   Code   RO         9348    !!handler_zi        c_w.l(__scatter_zi.o)
    0x080001fc   0x080001fc   0x00000000   Code   RO         9132    .ARM.Collect$$_printf_percent$$00000000  c_w.l(_printf_percent.o)
    0x080001fc   0x080001fc   0x00000006   Code   RO         9131    .ARM.Collect$$_printf_percent$$00000009  c_w.l(_printf_d.o)
    0x08000202   0x08000202   0x00000004   Code   RO         9168    .ARM.Collect$$_printf_percent$$00000017  c_w.l(_printf_percent_end.o)
    0x08000206   0x08000206   0x00000002   Code   RO         9266    .ARM.Collect$$libinit$$00000000  c_w.l(libinit.o)
    0x08000208   0x08000208   0x00000004   Code   RO         9206    .ARM.Collect$$libinit$$00000001  c_w.l(libinit2.o)
    0x0800020c   0x0800020c   0x00000000   Code   RO         9209    .ARM.Collect$$libinit$$00000004  c_w.l(libinit2.o)
    0x0800020c   0x0800020c   0x00000000   Code   RO         9212    .ARM.Collect$$libinit$$0000000A  c_w.l(libinit2.o)
    0x0800020c   0x0800020c   0x00000000   Code   RO         9214    .ARM.Collect$$libinit$$0000000C  c_w.l(libinit2.o)
    0x0800020c   0x0800020c   0x00000000   Code   RO         9216    .ARM.Collect$$libinit$$0000000E  c_w.l(libinit2.o)
    0x0800020c   0x0800020c   0x00000000   Code   RO         9219    .ARM.Collect$$libinit$$00000011  c_w.l(libinit2.o)
    0x0800020c   0x0800020c   0x00000000   Code   RO         9221    .ARM.Collect$$libinit$$00000013  c_w.l(libinit2.o)
    0x0800020c   0x0800020c   0x00000000   Code   RO         9223    .ARM.Collect$$libinit$$00000015  c_w.l(libinit2.o)
    0x0800020c   0x0800020c   0x00000000   Code   RO         9225    .ARM.Collect$$libinit$$00000017  c_w.l(libinit2.o)
    0x0800020c   0x0800020c   0x00000000   Code   RO         9227    .ARM.Collect$$libinit$$00000019  c_w.l(libinit2.o)
    0x0800020c   0x0800020c   0x00000000   Code   RO         9229    .ARM.Collect$$libinit$$0000001B  c_w.l(libinit2.o)
    0x0800020c   0x0800020c   0x00000000   Code   RO         9231    .ARM.Collect$$libinit$$0000001D  c_w.l(libinit2.o)
    0x0800020c   0x0800020c   0x00000000   Code   RO         9233    .ARM.Collect$$libinit$$0000001F  c_w.l(libinit2.o)
    0x0800020c   0x0800020c   0x00000000   Code   RO         9235    .ARM.Collect$$libinit$$00000021  c_w.l(libinit2.o)
    0x0800020c   0x0800020c   0x00000000   Code   RO         9237    .ARM.Collect$$libinit$$00000023  c_w.l(libinit2.o)
    0x0800020c   0x0800020c   0x00000000   Code   RO         9239    .ARM.Collect$$libinit$$00000025  c_w.l(libinit2.o)
    0x0800020c   0x0800020c   0x00000000   Code   RO         9243    .ARM.Collect$$libinit$$0000002C  c_w.l(libinit2.o)
    0x0800020c   0x0800020c   0x00000000   Code   RO         9245    .ARM.Collect$$libinit$$0000002E  c_w.l(libinit2.o)
    0x0800020c   0x0800020c   0x00000000   Code   RO         9247    .ARM.Collect$$libinit$$00000030  c_w.l(libinit2.o)
    0x0800020c   0x0800020c   0x00000000   Code   RO         9249    .ARM.Collect$$libinit$$00000032  c_w.l(libinit2.o)
    0x0800020c   0x0800020c   0x00000002   Code   RO         9250    .ARM.Collect$$libinit$$00000033  c_w.l(libinit2.o)
    0x0800020e   0x0800020e   0x00000002   Code   RO         9301    .ARM.Collect$$libshutdown$$00000000  c_w.l(libshutdown.o)
    0x08000210   0x08000210   0x00000000   Code   RO         9307    .ARM.Collect$$libshutdown$$00000002  c_w.l(libshutdown2.o)
    0x08000210   0x08000210   0x00000000   Code   RO         9309    .ARM.Collect$$libshutdown$$00000004  c_w.l(libshutdown2.o)
    0x08000210   0x08000210   0x00000000   Code   RO         9312    .ARM.Collect$$libshutdown$$00000007  c_w.l(libshutdown2.o)
    0x08000210   0x08000210   0x00000000   Code   RO         9315    .ARM.Collect$$libshutdown$$0000000A  c_w.l(libshutdown2.o)
    0x08000210   0x08000210   0x00000000   Code   RO         9317    .ARM.Collect$$libshutdown$$0000000C  c_w.l(libshutdown2.o)
    0x08000210   0x08000210   0x00000000   Code   RO         9320    .ARM.Collect$$libshutdown$$0000000F  c_w.l(libshutdown2.o)
    0x08000210   0x08000210   0x00000002   Code   RO         9321    .ARM.Collect$$libshutdown$$00000010  c_w.l(libshutdown2.o)
    0x08000212   0x08000212   0x00000000   Code   RO         9153    .ARM.Collect$$rtentry$$00000000  c_w.l(__rtentry.o)
    0x08000212   0x08000212   0x00000000   Code   RO         9182    .ARM.Collect$$rtentry$$00000002  c_w.l(__rtentry2.o)
    0x08000212   0x08000212   0x00000006   Code   RO         9194    .ARM.Collect$$rtentry$$00000004  c_w.l(__rtentry4.o)
    0x08000218   0x08000218   0x00000000   Code   RO         9184    .ARM.Collect$$rtentry$$00000009  c_w.l(__rtentry2.o)
    0x08000218   0x08000218   0x00000004   Code   RO         9185    .ARM.Collect$$rtentry$$0000000A  c_w.l(__rtentry2.o)
    0x0800021c   0x0800021c   0x00000000   Code   RO         9187    .ARM.Collect$$rtentry$$0000000C  c_w.l(__rtentry2.o)
    0x0800021c   0x0800021c   0x00000008   Code   RO         9188    .ARM.Collect$$rtentry$$0000000D  c_w.l(__rtentry2.o)
    0x08000224   0x08000224   0x00000002   Code   RO         9269    .ARM.Collect$$rtexit$$00000000  c_w.l(rtexit.o)
    0x08000226   0x08000226   0x00000000   Code   RO         9278    .ARM.Collect$$rtexit$$00000002  c_w.l(rtexit2.o)
    0x08000226   0x08000226   0x00000004   Code   RO         9279    .ARM.Collect$$rtexit$$00000003  c_w.l(rtexit2.o)
    0x0800022a   0x0800022a   0x00000006   Code   RO         9280    .ARM.Collect$$rtexit$$00000004  c_w.l(rtexit2.o)
    0x08000230   0x08000230   0x00000040   Code   RO          285    .text               startup_gd32f407_427.o
    0x08000270   0x08000270   0x00000018   Code   RO         9083    .text               c_w.l(noretval__2printf.o)
    0x08000288   0x08000288   0x00000068   Code   RO         9085    .text               c_w.l(__printf.o)
    0x080002f0   0x080002f0   0x00000078   Code   RO         9087    .text               c_w.l(_printf_dec.o)
    0x08000368   0x08000368   0x00000058   Code   RO         9135    .text               c_w.l(memcmp.o)
    0x080003c0   0x080003c0   0x0000008a   Code   RO         9141    .text               c_w.l(rt_memcpy_v6.o)
    0x0800044a   0x0800044a   0x00000044   Code   RO         9145    .text               c_w.l(rt_memclr.o)
    0x0800048e   0x0800048e   0x0000004e   Code   RO         9147    .text               c_w.l(rt_memclr_w.o)
    0x080004dc   0x080004dc   0x00000006   Code   RO         9149    .text               c_w.l(heapauxi.o)
    0x080004e2   0x080004e2   0x000000b2   Code   RO         9164    .text               c_w.l(_printf_intcommon.o)
    0x08000594   0x08000594   0x00000024   Code   RO         9166    .text               c_w.l(_printf_char_file.o)
    0x080005b8   0x080005b8   0x00000064   Code   RO         9174    .text               c_w.l(rt_memcpy_w.o)
    0x0800061c   0x0800061c   0x00000008   Code   RO         9178    .text               c_w.l(libspace.o)
    0x08000624   0x08000624   0x00000030   Code   RO         9196    .text               c_w.l(_printf_char_common.o)
    0x08000654   0x08000654   0x00000008   Code   RO         9200    .text               c_w.l(ferror.o)
    0x0800065c   0x0800065c   0x0000004a   Code   RO         9251    .text               c_w.l(sys_stackheap_outer.o)
    0x080006a6   0x080006a6   0x00000012   Code   RO         9257    .text               c_w.l(exit.o)
    0x080006b8   0x080006b8   0x00000004   Code   RO          158    i.BusFault_Handler  gd32f4xx_it.o
    0x080006bc   0x080006bc   0x0000002c   Code   RO          159    i.ENET_IRQHandler   gd32f4xx_it.o
    0x080006e8   0x080006e8   0x00000004   Code   RO          161    i.HardFault_Handler  gd32f4xx_it.o
    0x080006ec   0x080006ec   0x00000004   Code   RO          162    i.MemManage_Handler  gd32f4xx_it.o
    0x080006f0   0x080006f0   0x00000002   Code   RO          163    i.NMI_Handler       gd32f4xx_it.o
    0x080006f2   0x080006f2   0x00000008   Code   RO          164    i.SDIO_IRQHandler   gd32f4xx_it.o
    0x080006fa   0x080006fa   0x00000002   PAD
    0x080006fc   0x080006fc   0x00000018   Code   RO          165    i.SysTick_Handler   gd32f4xx_it.o
    0x08000714   0x08000714   0x000000d4   Code   RO         5913    i.SystemInit        system_gd32f4xx.o
    0x080007e8   0x080007e8   0x00000004   Code   RO          166    i.UsageFault_Handler  gd32f4xx_it.o
    0x080007ec   0x080007ec   0x00000028   Code   RO          167    i.__NVIC_SetPriority  gd32f4xx_it.o
    0x08000814   0x08000814   0x00000004   Code   RO         6163    i._sys_exit         bsp_uart.o
    0x08000818   0x08000818   0x0000001a   Code   RO          168    i.board_init        gd32f4xx_it.o
    0x08000832   0x08000832   0x00000016   Code   RO         6164    i.bsp_uart_init     bsp_uart.o
    0x08000848   0x08000848   0x00000160   Code   RO         6165    i.bsp_uart_periph_init  bsp_uart.o
    0x080009a8   0x080009a8   0x00000012   Code   RO          169    i.delay_ms          gd32f4xx_it.o
    0x080009ba   0x080009ba   0x00000002   PAD
    0x080009bc   0x080009bc   0x00000054   Code   RO          170    i.delay_us          gd32f4xx_it.o
    0x08000a10   0x08000a10   0x00000050   Code   RO         8487    i.dhcp_arp_reply    dhcp.o
    0x08000a60   0x08000a60   0x00000150   Code   RO         8488    i.dhcp_bind         dhcp.o
    0x08000bb0   0x08000bb0   0x0000004c   Code   RO         8489    i.dhcp_check        dhcp.o
    0x08000bfc   0x08000bfc   0x00000078   Code   RO         8491    i.dhcp_coarse_tmr   dhcp.o
    0x08000c74   0x08000c74   0x0000015c   Code   RO         8492    i.dhcp_create_msg   dhcp.o
    0x08000dd0   0x08000dd0   0x00000030   Code   RO         8493    i.dhcp_dec_pcb_refcount  dhcp.o
    0x08000e00   0x08000e00   0x000000c0   Code   RO         8494    i.dhcp_decline      dhcp.o
    0x08000ec0   0x08000ec0   0x0000011c   Code   RO         8495    i.dhcp_discover     dhcp.o
    0x08000fdc   0x08000fdc   0x0000003c   Code   RO         8496    i.dhcp_fine_tmr     dhcp.o
    0x08001018   0x08001018   0x00000080   Code   RO         8497    i.dhcp_handle_ack   dhcp.o
    0x08001098   0x08001098   0x0000002c   Code   RO         8498    i.dhcp_handle_nak   dhcp.o
    0x080010c4   0x080010c4   0x00000044   Code   RO         8499    i.dhcp_handle_offer  dhcp.o
    0x08001108   0x08001108   0x00000074   Code   RO         8500    i.dhcp_inc_pcb_refcount  dhcp.o
    0x0800117c   0x0800117c   0x00000018   Code   RO         8503    i.dhcp_option       dhcp.o
    0x08001194   0x08001194   0x00000010   Code   RO         8504    i.dhcp_option_byte  dhcp.o
    0x080011a4   0x080011a4   0x00000032   Code   RO         8505    i.dhcp_option_long  dhcp.o
    0x080011d6   0x080011d6   0x0000001a   Code   RO         8506    i.dhcp_option_short  dhcp.o
    0x080011f0   0x080011f0   0x0000003a   Code   RO         8507    i.dhcp_option_trailer  dhcp.o
    0x0800122a   0x0800122a   0x00000002   PAD
    0x0800122c   0x0800122c   0x0000033c   Code   RO         8508    i.dhcp_parse_reply  dhcp.o
    0x08001568   0x08001568   0x00000104   Code   RO         8509    i.dhcp_rebind       dhcp.o
    0x0800166c   0x0800166c   0x00000128   Code   RO         8510    i.dhcp_reboot       dhcp.o
    0x08001794   0x08001794   0x0000015c   Code   RO         8511    i.dhcp_recv         dhcp.o
    0x080018f0   0x080018f0   0x000000e0   Code   RO         8513    i.dhcp_release_and_stop  dhcp.o
    0x080019d0   0x080019d0   0x00000100   Code   RO         8514    i.dhcp_renew        dhcp.o
    0x08001ad0   0x08001ad0   0x000001cc   Code   RO         8515    i.dhcp_select       dhcp.o
    0x08001c9c   0x08001c9c   0x00000010   Code   RO         8516    i.dhcp_set_state    dhcp.o
    0x08001cac   0x08001cac   0x000000fc   Code   RO         8518    i.dhcp_start        dhcp.o
    0x08001da8   0x08001da8   0x00000028   Code   RO         8520    i.dhcp_supplied_address  dhcp.o
    0x08001dd0   0x08001dd0   0x0000004a   Code   RO         8521    i.dhcp_t1_timeout   dhcp.o
    0x08001e1a   0x08001e1a   0x00000050   Code   RO         8522    i.dhcp_t2_timeout   dhcp.o
    0x08001e6a   0x08001e6a   0x00000088   Code   RO         8523    i.dhcp_timeout      dhcp.o
    0x08001ef2   0x08001ef2   0x00000014   Code   RO         7254    i.do_memp_free_pool  memp.o
    0x08001f06   0x08001f06   0x0000001e   Code   RO         7255    i.do_memp_malloc_pool  memp.o
    0x08001f24   0x08001f24   0x00000068   Code   RO         1611    i.enet_default_init  gd32f4xx_enet.o
    0x08001f8c   0x08001f8c   0x00000018   Code   RO         1612    i.enet_deinit       gd32f4xx_enet.o
    0x08001fa4   0x08001fa4   0x00000018   Code   RO         1613    i.enet_delay        gd32f4xx_enet.o
    0x08001fbc   0x08001fbc   0x00000064   Code   RO         1617    i.enet_desc_information_get  gd32f4xx_enet.o
    0x08002020   0x08002020   0x000000c8   Code   RO         1619    i.enet_descriptors_chain_init  gd32f4xx_enet.o
    0x080020e8   0x080020e8   0x0000000c   Code   RO         1626    i.enet_enable       gd32f4xx_enet.o
    0x080020f4   0x080020f4   0x000000f8   Code   RO         1636    i.enet_frame_receive  gd32f4xx_enet.o
    0x080021ec   0x080021ec   0x000000cc   Code   RO         1637    i.enet_frame_transmit  gd32f4xx_enet.o
    0x080022b8   0x080022b8   0x00000190   Code   RO         6336    i.enet_gpio_config  bsp_enet.o
    0x08002448   0x08002448   0x0000032c   Code   RO         1638    i.enet_init         gd32f4xx_enet.o
    0x08002774   0x08002774   0x00000028   Code   RO         1640    i.enet_initpara_reset  gd32f4xx_enet.o
    0x0800279c   0x0800279c   0x00000048   Code   RO         1642    i.enet_interrupt_enable  gd32f4xx_enet.o
    0x080027e4   0x080027e4   0x00000018   Code   RO         1643    i.enet_interrupt_flag_clear  gd32f4xx_enet.o
    0x080027fc   0x080027fc   0x00000030   Code   RO         1646    i.enet_mac_address_set  gd32f4xx_enet.o
    0x0800282c   0x0800282c   0x00000044   Code   RO         6337    i.enet_mac_dma_config  bsp_enet.o
    0x08002870   0x08002870   0x000000d8   Code   RO         1656    i.enet_phy_config   gd32f4xx_enet.o
    0x08002948   0x08002948   0x0000009c   Code   RO         1657    i.enet_phy_write_read  gd32f4xx_enet.o
    0x080029e4   0x080029e4   0x0000000a   Code   RO         1675    i.enet_rx_desc_immediate_receive_complete_interrupt  gd32f4xx_enet.o
    0x080029ee   0x080029ee   0x00000002   PAD
    0x080029f0   0x080029f0   0x00000024   Code   RO         1677    i.enet_rx_enable    gd32f4xx_enet.o
    0x08002a14   0x08002a14   0x000000ac   Code   RO         1678    i.enet_rxframe_drop  gd32f4xx_enet.o
    0x08002ac0   0x08002ac0   0x00000098   Code   RO         1679    i.enet_rxframe_size_get  gd32f4xx_enet.o
    0x08002b58   0x08002b58   0x0000003c   Code   RO         1681    i.enet_software_reset  gd32f4xx_enet.o
    0x08002b94   0x08002b94   0x00000030   Code   RO         6338    i.enet_system_setup  bsp_enet.o
    0x08002bc4   0x08002bc4   0x00000028   Code   RO         1684    i.enet_tx_enable    gd32f4xx_enet.o
    0x08002bec   0x08002bec   0x00000034   Code   RO         1685    i.enet_txfifo_flush  gd32f4xx_enet.o
    0x08002c20   0x08002c20   0x00000194   Code   RO         8703    i.etharp_find_entry  etharp.o
    0x08002db4   0x08002db4   0x00000078   Code   RO         8704    i.etharp_free_entry  etharp.o
    0x08002e2c   0x08002e2c   0x000000f4   Code   RO         8706    i.etharp_input      etharp.o
    0x08002f20   0x08002f20   0x00000154   Code   RO         8707    i.etharp_output     etharp.o
    0x08003074   0x08003074   0x000000b8   Code   RO         8708    i.etharp_output_to_arp_index  etharp.o
    0x0800312c   0x0800312c   0x000001b0   Code   RO         8709    i.etharp_query      etharp.o
    0x080032dc   0x080032dc   0x000000a2   Code   RO         8710    i.etharp_raw        etharp.o
    0x0800337e   0x0800337e   0x00000002   PAD
    0x08003380   0x08003380   0x0000001c   Code   RO         8711    i.etharp_request    etharp.o
    0x0800339c   0x0800339c   0x0000002c   Code   RO         8712    i.etharp_request_dst  etharp.o
    0x080033c8   0x080033c8   0x000000e4   Code   RO         8713    i.etharp_tmr        etharp.o
    0x080034ac   0x080034ac   0x000000cc   Code   RO         8714    i.etharp_update_arp_entry  etharp.o
    0x08003578   0x08003578   0x000000d8   Code   RO         9001    i.ethernet_input    ethernet.o
    0x08003650   0x08003650   0x0000005e   Code   RO         9002    i.ethernet_output   ethernet.o
    0x080036ae   0x080036ae   0x00000002   PAD
    0x080036b0   0x080036b0   0x00000030   Code   RO         9031    i.ethernetif_init   ethernetif.o
    0x080036e0   0x080036e0   0x00000030   Code   RO         9032    i.ethernetif_input  ethernetif.o
    0x08003710   0x08003710   0x00000028   Code   RO         6166    i.fputc             bsp_uart.o
    0x08003738   0x08003738   0x0000000c   Code   RO          171    i.get_system_tick   gd32f4xx_it.o
    0x08003744   0x08003744   0x0000005e   Code   RO         2821    i.gpio_af_set       gd32f4xx_gpio.o
    0x080037a2   0x080037a2   0x0000004e   Code   RO         2829    i.gpio_mode_set     gd32f4xx_gpio.o
    0x080037f0   0x080037f0   0x00000042   Code   RO         2831    i.gpio_output_options_set  gd32f4xx_gpio.o
    0x08003832   0x08003832   0x00000012   Code   RO         8791    i.icmp_dest_unreach  icmp.o
    0x08003844   0x08003844   0x00000208   Code   RO         8792    i.icmp_input        icmp.o
    0x08003a4c   0x08003a4c   0x000000aa   Code   RO         8793    i.icmp_send_response  icmp.o
    0x08003af6   0x08003af6   0x00000012   Code   RO         8794    i.icmp_time_exceeded  icmp.o
    0x08003b08   0x08003b08   0x00000014   Code   RO         7009    i.inet_chksum       inet_chksum.o
    0x08003b1c   0x08003b1c   0x00000056   Code   RO         7010    i.inet_chksum_pbuf  inet_chksum.o
    0x08003b72   0x08003b72   0x0000004c   Code   RO         7011    i.inet_chksum_pseudo  inet_chksum.o
    0x08003bbe   0x08003bbe   0x0000008c   Code   RO         7013    i.inet_cksum_pseudo_base  inet_chksum.o
    0x08003c4a   0x08003c4a   0x0000004e   Code   RO         8876    i.ip4_addr_isbroadcast_u32  ip4_addr.o
    0x08003c98   0x08003c98   0x00000200   Code   RO         8932    i.ip4_frag          ip4_frag.o
    0x08003e98   0x08003e98   0x00000220   Code   RO         8833    i.ip4_input         ip4.o
    0x080040b8   0x080040b8   0x0000003c   Code   RO         8834    i.ip4_input_accept  ip4.o
    0x080040f4   0x080040f4   0x00000036   Code   RO         8836    i.ip4_output_if     ip4.o
    0x0800412a   0x0800412a   0x00000002   PAD
    0x0800412c   0x0800412c   0x00000140   Code   RO         8837    i.ip4_output_if_src  ip4.o
    0x0800426c   0x0800426c   0x0000022c   Code   RO         8933    i.ip4_reass         ip4_frag.o
    0x08004498   0x08004498   0x00000098   Code   RO         8838    i.ip4_route         ip4.o
    0x08004530   0x08004530   0x00000024   Code   RO         7015    i.ip_chksum_pseudo  inet_chksum.o
    0x08004554   0x08004554   0x0000000a   Code   RO         8934    i.ip_frag_alloc_pbuf_custom_ref  ip4_frag.o
    0x0800455e   0x0800455e   0x00000012   Code   RO         8935    i.ip_frag_free_pbuf_custom_ref  ip4_frag.o
    0x08004570   0x08004570   0x00000194   Code   RO         8936    i.ip_reass_chain_frag_into_datagram_and_validate  ip4_frag.o
    0x08004704   0x08004704   0x0000002c   Code   RO         8937    i.ip_reass_dequeue_datagram  ip4_frag.o
    0x08004730   0x08004730   0x00000058   Code   RO         8938    i.ip_reass_enqueue_new_datagram  ip4_frag.o
    0x08004788   0x08004788   0x000000a0   Code   RO         8939    i.ip_reass_free_complete_datagram  ip4_frag.o
    0x08004828   0x08004828   0x00000088   Code   RO         8940    i.ip_reass_remove_oldest_datagram  ip4_frag.o
    0x080048b0   0x080048b0   0x0000003c   Code   RO         8941    i.ip_reass_tmr      ip4_frag.o
    0x080048ec   0x080048ec   0x00000020   Code   RO         8942    i.ipfrag_free_pbuf_custom  ip4_frag.o
    0x0800490c   0x0800490c   0x0000023c   Code   RO         6339    i.lan_phy_init      bsp_enet.o
    0x08004b48   0x08004b48   0x00000070   Code   RO         9033    i.low_level_init    ethernetif.o
    0x08004bb8   0x08004bb8   0x00000060   Code   RO         9034    i.low_level_input   ethernetif.o
    0x08004c18   0x08004c18   0x00000050   Code   RO         9035    i.low_level_output  ethernetif.o
    0x08004c68   0x08004c68   0x00000056   Code   RO         6340    i.lwip_comm_default_ip_set  bsp_enet.o
    0x08004cbe   0x08004cbe   0x00000002   PAD
    0x08004cc0   0x08004cc0   0x0000030c   Code   RO         6341    i.lwip_comm_init    bsp_enet.o
    0x08004fcc   0x08004fcc   0x00000050   Code   RO         8287    i.lwip_cyclic_timer  timeouts.o
    0x0800501c   0x0800501c   0x0000001a   Code   RO         6958    i.lwip_htonl        def.o
    0x08005036   0x08005036   0x0000000c   Code   RO         6959    i.lwip_htons        def.o
    0x08005042   0x08005042   0x00000026   Code   RO         7077    i.lwip_init         init.o
    0x08005068   0x08005068   0x0000003c   Code   RO         6342    i.lwip_periodic_handle  bsp_enet.o
    0x080050a4   0x080050a4   0x00000010   Code   RO         6343    i.lwip_pkt_handle   bsp_enet.o
    0x080050b4   0x080050b4   0x0000005e   Code   RO         7017    i.lwip_standard_chksum  inet_chksum.o
    0x08005112   0x08005112   0x00000002   PAD
    0x08005114   0x08005114   0x00000030   Code   RO            4    i.main              main.o
    0x08005144   0x08005144   0x00000094   Code   RO         7182    i.mem_free          mem.o
    0x080051d8   0x080051d8   0x0000005c   Code   RO         7183    i.mem_init          mem.o
    0x08005234   0x08005234   0x00000058   Code   RO         7184    i.mem_link_valid    mem.o
    0x0800528c   0x0800528c   0x0000010c   Code   RO         7185    i.mem_malloc        mem.o
    0x08005398   0x08005398   0x00000010   Code   RO         7186    i.mem_to_ptr        mem.o
    0x080053a8   0x080053a8   0x00000124   Code   RO         7187    i.mem_trim          mem.o
    0x080054cc   0x080054cc   0x00000050   Code   RO         7256    i.memp_free         memp.o
    0x0800551c   0x0800551c   0x00000020   Code   RO         7258    i.memp_init         memp.o
    0x0800553c   0x0800553c   0x0000002c   Code   RO         7259    i.memp_init_pool    memp.o
    0x08005568   0x08005568   0x00000050   Code   RO         7260    i.memp_malloc       memp.o
    0x080055b8   0x080055b8   0x0000016c   Code   RO         7352    i.netif_add         netif.o
    0x08005724   0x08005724   0x00000018   Code   RO         7354    i.netif_do_ip_addr_changed  netif.o
    0x0800573c   0x0800573c   0x0000002a   Code   RO         7355    i.netif_do_set_gw   netif.o
    0x08005766   0x08005766   0x0000005c   Code   RO         7356    i.netif_do_set_ipaddr  netif.o
    0x080057c2   0x080057c2   0x0000002a   Code   RO         7357    i.netif_do_set_netmask  netif.o
    0x080057ec   0x080057ec   0x00000028   Code   RO         7359    i.netif_get_by_index  netif.o
    0x08005814   0x08005814   0x00000002   Code   RO         7361    i.netif_init        netif.o
    0x08005816   0x08005816   0x00000040   Code   RO         7363    i.netif_issue_reports  netif.o
    0x08005856   0x08005856   0x00000008   Code   RO         7365    i.netif_null_output_ip4  netif.o
    0x0800585e   0x0800585e   0x00000002   PAD
    0x08005860   0x08005860   0x00000060   Code   RO         7367    i.netif_set_addr    netif.o
    0x080058c0   0x080058c0   0x00000010   Code   RO         7368    i.netif_set_default  netif.o
    0x080058d0   0x080058d0   0x00000068   Code   RO         7376    i.netif_set_up      netif.o
    0x08005938   0x08005938   0x0000000e   Code   RO         6344    i.nvic_configuration  bsp_enet.o
    0x08005946   0x08005946   0x00000002   PAD
    0x08005948   0x08005948   0x000000c4   Code   RO         3413    i.nvic_irq_enable   gd32f4xx_misc.o
    0x08005a0c   0x08005a0c   0x00000014   Code   RO         3414    i.nvic_priority_group_set  gd32f4xx_misc.o
    0x08005a20   0x08005a20   0x00000018   Code   RO         3415    i.nvic_vector_table_set  gd32f4xx_misc.o
    0x08005a38   0x08005a38   0x00000012   Code   RO         7532    i.pbuf_add_header   pbuf.o
    0x08005a4a   0x08005a4a   0x0000006a   Code   RO         7534    i.pbuf_add_header_impl  pbuf.o
    0x08005ab4   0x08005ab4   0x00000138   Code   RO         7535    i.pbuf_alloc        pbuf.o
    0x08005bec   0x08005bec   0x00000038   Code   RO         7536    i.pbuf_alloc_reference  pbuf.o
    0x08005c24   0x08005c24   0x0000005a   Code   RO         7537    i.pbuf_alloced_custom  pbuf.o
    0x08005c7e   0x08005c7e   0x00000002   PAD
    0x08005c80   0x08005c80   0x0000007c   Code   RO         7538    i.pbuf_cat          pbuf.o
    0x08005cfc   0x08005cfc   0x0000001a   Code   RO         7539    i.pbuf_chain        pbuf.o
    0x08005d16   0x08005d16   0x00000012   Code   RO         7540    i.pbuf_clen         pbuf.o
    0x08005d28   0x08005d28   0x00000030   Code   RO         7541    i.pbuf_clone        pbuf.o
    0x08005d58   0x08005d58   0x0000004c   Code   RO         7543    i.pbuf_copy         pbuf.o
    0x08005da4   0x08005da4   0x000000d8   Code   RO         7544    i.pbuf_copy_partial  pbuf.o
    0x08005e7c   0x08005e7c   0x000001f4   Code   RO         7545    i.pbuf_copy_partial_pbuf  pbuf.o
    0x08006070   0x08006070   0x0000009a   Code   RO         7547    i.pbuf_free         pbuf.o
    0x0800610a   0x0800610a   0x00000012   Code   RO         7552    i.pbuf_header_force  pbuf.o
    0x0800611c   0x0800611c   0x00000022   Code   RO         7553    i.pbuf_header_impl  pbuf.o
    0x0800613e   0x0800613e   0x0000001e   Code   RO         7554    i.pbuf_init_alloced_pbuf  pbuf.o
    0x0800615c   0x0800615c   0x00000080   Code   RO         7558    i.pbuf_realloc      pbuf.o
    0x080061dc   0x080061dc   0x00000012   Code   RO         7559    i.pbuf_ref          pbuf.o
    0x080061ee   0x080061ee   0x00000002   PAD
    0x080061f0   0x080061f0   0x00000078   Code   RO         7560    i.pbuf_remove_header  pbuf.o
    0x08006268   0x08006268   0x0000009c   Code   RO         7188    i.plug_holes        mem.o
    0x08006304   0x08006304   0x00000010   Code   RO         7189    i.ptr_to_mem        mem.o
    0x08006314   0x08006314   0x00000084   Code   RO         6575    i.r1_error_check    sdcard.o
    0x08006398   0x08006398   0x000000ae   Code   RO         6576    i.r1_error_type_check  sdcard.o
    0x08006446   0x08006446   0x00000002   PAD
    0x08006448   0x08006448   0x0000001c   Code   RO         3624    i.rcu_ckout0_config  gd32f4xx_rcu.o
    0x08006464   0x08006464   0x00000124   Code   RO         3626    i.rcu_clock_freq_get  gd32f4xx_rcu.o
    0x08006588   0x08006588   0x00000024   Code   RO         3645    i.rcu_periph_clock_enable  gd32f4xx_rcu.o
    0x080065ac   0x080065ac   0x00000024   Code   RO         3648    i.rcu_periph_reset_disable  gd32f4xx_rcu.o
    0x080065d0   0x080065d0   0x00000024   Code   RO         3649    i.rcu_periph_reset_enable  gd32f4xx_rcu.o
    0x080065f4   0x080065f4   0x00000018   Code   RO         6345    i.read_lan_phy      bsp_enet.o
    0x0800660c   0x0800660c   0x00000130   Code   RO         6595    i.sd_interrupts_process  sdcard.o
    0x0800673c   0x0800673c   0x00000024   Code   RO         6605    i.sd_transfer_stop  sdcard.o
    0x08006760   0x08006760   0x0000000c   Code   RO         4197    i.sdio_command_index_get  gd32f4xx_sdio.o
    0x0800676c   0x0800676c   0x00000038   Code   RO         4198    i.sdio_command_response_config  gd32f4xx_sdio.o
    0x080067a4   0x080067a4   0x00000014   Code   RO         4200    i.sdio_csm_enable   gd32f4xx_sdio.o
    0x080067b8   0x080067b8   0x0000000c   Code   RO         4212    i.sdio_flag_clear   gd32f4xx_sdio.o
    0x080067c4   0x080067c4   0x00000010   Code   RO         4216    i.sdio_interrupt_disable  gd32f4xx_sdio.o
    0x080067d4   0x080067d4   0x0000000c   Code   RO         4218    i.sdio_interrupt_flag_clear  gd32f4xx_sdio.o
    0x080067e0   0x080067e0   0x00000014   Code   RO         4219    i.sdio_interrupt_flag_get  gd32f4xx_sdio.o
    0x080067f4   0x080067f4   0x0000003c   Code   RO         4227    i.sdio_response_get  gd32f4xx_sdio.o
    0x08006830   0x08006830   0x0000001c   Code   RO         4232    i.sdio_wait_type_set  gd32f4xx_sdio.o
    0x0800684c   0x0800684c   0x0000005c   Code   RO         6004    i.soft_timer_tick   soft_timer.o
    0x080068a8   0x080068a8   0x00000008   Code   RO         6346    i.sys_now           bsp_enet.o
    0x080068b0   0x080068b0   0x00000022   Code   RO         8290    i.sys_timeout       timeouts.o
    0x080068d2   0x080068d2   0x00000002   PAD
    0x080068d4   0x080068d4   0x00000090   Code   RO         8291    i.sys_timeout_abs   timeouts.o
    0x08006964   0x08006964   0x00000028   Code   RO         8292    i.sys_timeouts_init  timeouts.o
    0x0800698c   0x0800698c   0x00000018   Code   RO         4742    i.syscfg_enet_phy_interface_config  gd32f4xx_syscfg.o
    0x080069a4   0x080069a4   0x00000108   Code   RO         5914    i.system_clock_168m_8m_hxtal  system_gd32f4xx.o
    0x08006aac   0x08006aac   0x00000008   Code   RO         5915    i.system_clock_config  system_gd32f4xx.o
    0x08006ab4   0x08006ab4   0x00000050   Code   RO          172    i.systick_config    gd32f4xx_it.o
    0x08006b04   0x08006b04   0x00000120   Code   RO         7762    i.tcp_abandon       tcp.o
    0x08006c24   0x08006c24   0x0000000e   Code   RO         7763    i.tcp_abort         tcp.o
    0x08006c32   0x08006c32   0x00000002   PAD
    0x08006c34   0x08006c34   0x000000cc   Code   RO         7766    i.tcp_alloc         tcp.o
    0x08006d00   0x08006d00   0x00000054   Code   RO         7770    i.tcp_close         tcp.o
    0x08006d54   0x08006d54   0x00000148   Code   RO         7771    i.tcp_close_shutdown  tcp.o
    0x08006e9c   0x08006e9c   0x00000070   Code   RO         7772    i.tcp_close_shutdown_fin  tcp.o
    0x08006f0c   0x08006f0c   0x000000e6   Code   RO         8140    i.tcp_create_segment  tcp_out.o
    0x08006ff2   0x08006ff2   0x00000034   Code   RO         7775    i.tcp_eff_send_mss_netif  tcp.o
    0x08007026   0x08007026   0x00000114   Code   RO         8141    i.tcp_enqueue_flags  tcp_out.o
    0x0800713a   0x0800713a   0x00000002   PAD
    0x0800713c   0x0800713c   0x000000a4   Code   RO         7777    i.tcp_fasttmr       tcp.o
    0x080071e0   0x080071e0   0x00000012   Code   RO         7778    i.tcp_free          tcp.o
    0x080071f2   0x080071f2   0x00000002   PAD
    0x080071f4   0x080071f4   0x00000090   Code   RO         8068    i.tcp_free_acked_segments  tcp_in.o
    0x08007284   0x08007284   0x00000012   Code   RO         7779    i.tcp_free_listen   tcp.o
    0x08007296   0x08007296   0x00000002   PAD
    0x08007298   0x08007298   0x00000048   Code   RO         8069    i.tcp_get_next_optbyte  tcp_in.o
    0x080072e0   0x080072e0   0x00000038   Code   RO         7780    i.tcp_handle_closepend  tcp.o
    0x08007318   0x08007318   0x00000002   Code   RO         7781    i.tcp_init          tcp.o
    0x0800731a   0x0800731a   0x00000002   PAD
    0x0800731c   0x0800731c   0x00000594   Code   RO         8070    i.tcp_input         tcp_in.o
    0x080078b0   0x080078b0   0x00000050   Code   RO         8071    i.tcp_input_delayed_close  tcp_in.o
    0x08007900   0x08007900   0x00000062   Code   RO         8142    i.tcp_keepalive     tcp_out.o
    0x08007962   0x08007962   0x00000002   PAD
    0x08007964   0x08007964   0x0000006c   Code   RO         7782    i.tcp_kill_prio     tcp.o
    0x080079d0   0x080079d0   0x00000050   Code   RO         7783    i.tcp_kill_state    tcp.o
    0x08007a20   0x08007a20   0x00000040   Code   RO         7784    i.tcp_kill_timewait  tcp.o
    0x08007a60   0x08007a60   0x0000002c   Code   RO         7785    i.tcp_listen_closed  tcp.o
    0x08007a8c   0x08007a8c   0x0000016c   Code   RO         8072    i.tcp_listen_input  tcp_in.o
    0x08007bf8   0x08007bf8   0x0000004c   Code   RO         7788    i.tcp_netif_ip_addr_changed  tcp.o
    0x08007c44   0x08007c44   0x00000032   Code   RO         7789    i.tcp_netif_ip_addr_changed_pcblist  tcp.o
    0x08007c76   0x08007c76   0x00000002   PAD
    0x08007c78   0x08007c78   0x00000024   Code   RO         7793    i.tcp_next_iss      tcp.o
    0x08007c9c   0x08007c9c   0x0000027c   Code   RO         8143    i.tcp_output        tcp_out.o
    0x08007f18   0x08007f18   0x00000040   Code   RO         8144    i.tcp_output_alloc_header  tcp_out.o
    0x08007f58   0x08007f58   0x0000007a   Code   RO         8145    i.tcp_output_alloc_header_common  tcp_out.o
    0x08007fd2   0x08007fd2   0x00000074   Code   RO         8146    i.tcp_output_control_segment  tcp_out.o
    0x08008046   0x08008046   0x0000001a   Code   RO         8147    i.tcp_output_fill_options  tcp_out.o
    0x08008060   0x08008060   0x000000fc   Code   RO         8148    i.tcp_output_segment  tcp_out.o
    0x0800815c   0x0800815c   0x00000016   Code   RO         8149    i.tcp_output_segment_busy  tcp_out.o
    0x08008172   0x08008172   0x00000002   PAD
    0x08008174   0x08008174   0x000000bc   Code   RO         8073    i.tcp_parseopt      tcp_in.o
    0x08008230   0x08008230   0x00000088   Code   RO         7794    i.tcp_pcb_purge     tcp.o
    0x080082b8   0x080082b8   0x00000084   Code   RO         7795    i.tcp_pcb_remove    tcp.o
    0x0800833c   0x0800833c   0x00000604   Code   RO         8074    i.tcp_process       tcp_in.o
    0x08008940   0x08008940   0x000000dc   Code   RO         7797    i.tcp_process_refused_data  tcp.o
    0x08008a1c   0x08008a1c   0x00000608   Code   RO         8075    i.tcp_receive       tcp_in.o
    0x08009024   0x08009024   0x00000060   Code   RO         7799    i.tcp_recv_null     tcp.o
    0x08009084   0x08009084   0x00000084   Code   RO         7800    i.tcp_recved        tcp.o
    0x08009108   0x08009108   0x0000001c   Code   RO         7801    i.tcp_remove_listener  tcp.o
    0x08009124   0x08009124   0x0000007c   Code   RO         8151    i.tcp_rexmit        tcp_out.o
    0x080091a0   0x080091a0   0x00000080   Code   RO         8152    i.tcp_rexmit_fast   tcp_out.o
    0x08009220   0x08009220   0x00000018   Code   RO         8153    i.tcp_rexmit_rto    tcp_out.o
    0x08009238   0x08009238   0x00000022   Code   RO         8154    i.tcp_rexmit_rto_commit  tcp_out.o
    0x0800925a   0x0800925a   0x00000092   Code   RO         8155    i.tcp_rexmit_rto_prepare  tcp_out.o
    0x080092ec   0x080092ec   0x0000001e   Code   RO         8156    i.tcp_route         tcp_out.o
    0x0800930a   0x0800930a   0x0000006e   Code   RO         8157    i.tcp_rst           tcp_out.o
    0x08009378   0x08009378   0x0000001a   Code   RO         7802    i.tcp_seg_free      tcp.o
    0x08009392   0x08009392   0x00000018   Code   RO         7803    i.tcp_segs_free     tcp.o
    0x080093aa   0x080093aa   0x000000b4   Code   RO         8158    i.tcp_send_empty_ack  tcp_out.o
    0x0800945e   0x0800945e   0x00000052   Code   RO         8159    i.tcp_send_fin      tcp_out.o
    0x080094b0   0x080094b0   0x00000410   Code   RO         7807    i.tcp_slowtmr       tcp.o
    0x080098c0   0x080098c0   0x000001b6   Code   RO         8160    i.tcp_split_unsent_seg  tcp_out.o
    0x08009a76   0x08009a76   0x00000002   PAD
    0x08009a78   0x08009a78   0x00000038   Code   RO         8295    i.tcp_timer_needed  timeouts.o
    0x08009ab0   0x08009ab0   0x000000b0   Code   RO         8076    i.tcp_timewait_input  tcp_in.o
    0x08009b60   0x08009b60   0x00000024   Code   RO         7809    i.tcp_tmr           tcp.o
    0x08009b84   0x08009b84   0x00000014   Code   RO         8077    i.tcp_trigger_input_pcb_close  tcp_in.o
    0x08009b98   0x08009b98   0x00000052   Code   RO         7811    i.tcp_update_rcv_ann_wnd  tcp.o
    0x08009bea   0x08009bea   0x000000ee   Code   RO         8163    i.tcp_zero_window_probe  tcp_out.o
    0x08009cd8   0x08009cd8   0x00000038   Code   RO         8296    i.tcpip_tcp_timer   timeouts.o
    0x08009d10   0x08009d10   0x000000e8   Code   RO         8363    i.udp_bind          udp.o
    0x08009df8   0x08009df8   0x000000d4   Code   RO         8365    i.udp_connect       udp.o
    0x08009ecc   0x08009ecc   0x00000002   Code   RO         8367    i.udp_init          udp.o
    0x08009ece   0x08009ece   0x00000002   PAD
    0x08009ed0   0x08009ed0   0x000001cc   Code   RO         8368    i.udp_input         udp.o
    0x0800a09c   0x0800a09c   0x00000068   Code   RO         8369    i.udp_input_local_match  udp.o
    0x0800a104   0x0800a104   0x00000030   Code   RO         8370    i.udp_netif_ip_addr_changed  udp.o
    0x0800a134   0x0800a134   0x0000001c   Code   RO         8371    i.udp_new           udp.o
    0x0800a150   0x0800a150   0x00000058   Code   RO         8373    i.udp_new_port      udp.o
    0x0800a1a8   0x0800a1a8   0x0000003c   Code   RO         8374    i.udp_recv          udp.o
    0x0800a1e4   0x0800a1e4   0x00000070   Code   RO         8375    i.udp_remove        udp.o
    0x0800a254   0x0800a254   0x0000011c   Code   RO         8378    i.udp_sendto_if     udp.o
    0x0800a370   0x0800a370   0x00000234   Code   RO         8379    i.udp_sendto_if_src  udp.o
    0x0800a5a4   0x0800a5a4   0x000000e8   Code   RO         5505    i.usart_baudrate_set  gd32f4xx_usart.o
    0x0800a68c   0x0800a68c   0x00000008   Code   RO         5510    i.usart_data_transmit  gd32f4xx_usart.o
    0x0800a694   0x0800a694   0x000000dc   Code   RO         5511    i.usart_deinit      gd32f4xx_usart.o
    0x0800a770   0x0800a770   0x0000000a   Code   RO         5515    i.usart_enable      gd32f4xx_usart.o
    0x0800a77a   0x0800a77a   0x0000001e   Code   RO         5517    i.usart_flag_get    gd32f4xx_usart.o
    0x0800a798   0x0800a798   0x00000010   Code   RO         5542    i.usart_receive_config  gd32f4xx_usart.o
    0x0800a7a8   0x0800a7a8   0x00000010   Code   RO         5557    i.usart_transmit_config  gd32f4xx_usart.o
    0x0800a7b8   0x0800a7b8   0x00000014   Code   RO         6347    i.write_lan_phy     bsp_enet.o
    0x0800a7cc   0x0800a7cc   0x0000000a   Code   RO         9267    x$fpl$fpinit        fz_wm.l(fpinit.o)
    0x0800a7d6   0x0800a7d6   0x00000002   PAD
    0x0800a7d8   0x0800a7d8   0x0000009c   Data   RO         6167    .constdata          bsp_uart.o
    0x0800a874   0x0800a874   0x000000b4   Data   RO         7263    .constdata          memp.o
    0x0800a928   0x0800a928   0x00000050   Data   RO         7812    .constdata          tcp.o
    0x0800a978   0x0800a978   0x0000002c   Data   RO         8297    .constdata          timeouts.o
    0x0800a9a4   0x0800a9a4   0x00000008   Data   RO         8883    .constdata          ip4_addr.o
    0x0800a9ac   0x0800a9ac   0x0000000c   Data   RO         9003    .constdata          ethernet.o
    0x0800a9b8   0x0800a9b8   0x00000068   Data   RO         7264    .conststring        memp.o
    0x0800aa20   0x0800aa20   0x0000006d   Data   RO         7813    .conststring        tcp.o
    0x0800aa8d   0x0800aa8d   0x00000003   PAD
    0x0800aa90   0x0800aa90   0x00000020   Data   RO         9342    Region$$Table       anon$$obj.o


    Execution Region RW_IRAM1 (Exec base: 0x20000000, Load base: 0x0800aab0, Size: 0x0000f6d8, Max: 0x00070000, ABSOLUTE)

    Exec Addr    Load Addr    Size         Type   Attr      Idx    E Section Name        Object

    0x20000000   0x0800aab0   0x00000004   Data   RW          173    .data               gd32f4xx_it.o
    0x20000004   0x0800aab4   0x00000014   Data   RW         1692    .data               gd32f4xx_enet.o
    0x20000018   0x0800aac8   0x00000004   Data   RW         5916    .data               system_gd32f4xx.o
    0x2000001c   0x0800aacc   0x00000004   Data   RW         6168    .data               bsp_uart.o
    0x20000020   0x0800aad0   0x00000014   Data   RW         6349    .data               bsp_enet.o
    0x20000034   0x0800aae4   0x00000024   Data   RW         6607    .data               sdcard.o
    0x20000058   0x0800ab08   0x0000000c   Data   RW         7191    .data               mem.o
    0x20000064   0x0800ab14   0x00000024   Data   RW         7265    .data               memp.o
    0x20000088   0x0800ab38   0x00000009   Data   RW         7377    .data               netif.o
    0x20000091   0x0800ab41   0x00000003   PAD
    0x20000094   0x0800ab44   0x00000020   Data   RW         7814    .data               tcp.o
    0x200000b4   0x0800ab64   0x00000028   Data   RW         8079    .data               tcp_in.o
    0x200000dc   0x0800ab8c   0x0000000c   Data   RW         8298    .data               timeouts.o
    0x200000e8   0x0800ab98   0x00000008   Data   RW         8380    .data               udp.o
    0x200000f0   0x0800aba0   0x00000018   Data   RW         8525    .data               dhcp.o
    0x20000108   0x0800abb8   0x00000001   Data   RW         8716    .data               etharp.o
    0x20000109   0x0800abb9   0x00000001   PAD
    0x2000010a   0x0800abba   0x00000002   Data   RW         8839    .data               ip4.o
    0x2000010c   0x0800abbc   0x00000006   Data   RW         8943    .data               ip4_frag.o
    0x20000112   0x0800abc2   0x00000002   PAD
    0x20000114        -       0x00003c64   Zero   RW         1690    .bss                gd32f4xx_enet.o
    0x20003d78        -       0x00000078   Zero   RW         6005    .bss                soft_timer.o
    0x20003df0        -       0x00000050   Zero   RW         6348    .bss                bsp_enet.o
    0x20003e40        -       0x00000018   Zero   RW         7140    .bss                ip.o
    0x20003e58        -       0x00005013   Zero   RW         7190    .bss                mem.o
    0x20008e6b        -       0x000046e3   Zero   RW         7262    .bss                memp.o
    0x2000d54e   0x0800abc2   0x00000002   PAD
    0x2000d550        -       0x00000014   Zero   RW         8078    .bss                tcp_in.o
    0x2000d564        -       0x00000020   Zero   RW         8524    .bss                dhcp.o
    0x2000d584        -       0x000000f0   Zero   RW         8715    .bss                etharp.o
    0x2000d674        -       0x00000060   Zero   RW         9179    .bss                c_w.l(libspace.o)
    0x2000d6d4   0x0800abc2   0x00000004   PAD
    0x2000d6d8        -       0x00001000   Zero   RW          283    HEAP                startup_gd32f407_427.o
    0x2000e6d8        -       0x00001000   Zero   RW          282    STACK               startup_gd32f407_427.o


==============================================================================

Image component sizes


      Code (inc. data)   RO Data    RW Data    ZI Data      Debug   Object Name

         0          0          0          0          0       2084   api_lib.o
      2096        276          0         20         80      34345   bsp_enet.o
       418         54        156          4          0       4390   bsp_uart.o
        38          0          0          0          0       1082   def.o
      5344        426          0         24         32      28597   dhcp.o
      2390         84          0          1        240      11088   etharp.o
       310          6         12          0          0       2638   ethernet.o
       384         24          0          0          0       4251   ethernetif.o
      2806        264          0         20      15460      17290   gd32f4xx_enet.o
       238          0          0          0          0       2468   gd32f4xx_gpio.o
       354         40          0          4          0      38053   gd32f4xx_it.o
       240         28          0          0          0       2112   gd32f4xx_misc.o
       428         46          0          0          0       4216   gd32f4xx_rcu.o
       236         44          0          0          0       5520   gd32f4xx_sdio.o
        24          6          0          0          0        647   gd32f4xx_syscfg.o
       532         18          0          0          0       4813   gd32f4xx_usart.o
       726          6          0          0          0       4802   icmp.o
       452          0          0          0          0      13116   inet_chksum.o
        38          0          0          0          0       4651   init.o
         0          0          0          0         24       9733   ip.o
      1130         28          0          2          0       5868   ip4.o
        78          0          8          0          0       8722   ip4_addr.o
      2020         64          0          6          0      12066   ip4_frag.o
        48         16          0          0          0      79195   main.o
      1076         74          0         12      20499       7873   mem.o
       286         78        284         36      18147      11345   memp.o
       894        126          0          9          0      13381   netif.o
      2092        376          0          0          0      15577   pbuf.o
       646         30          0         36          0       9440   sdcard.o
        92          6          0          0        120       1022   soft_timer.o
        64         26        392          0       8192        936   startup_gd32f407_427.o
       484         32          0          4          0       2787   system_gd32f4xx.o
      3750        338        189         32          0      32212   tcp.o
      5556        360          0         40         20      20919   tcp_in.o
      3376         10          0          0          0      28462   tcp_out.o
         0          0          0          0          0       1660   tcpecho_raw.o
       410         58         44         12          0       5833   timeouts.o
      2194        470          0          8          0      12109   udp.o

    ----------------------------------------------------------------------
     41300       3414       1120        276      62816     465303   Object Totals
         0          0         32          0          0          0   (incl. Generated)
        50          0          3          6          2          0   (incl. Padding)

    ----------------------------------------------------------------------

      Code (inc. data)   RO Data    RW Data    ZI Data      Debug   Library Member Name

         8          0          0          0          0         68   __main.o
       104          0          0          0          0         84   __printf.o
         0          0          0          0          0          0   __rtentry.o
        12          0          0          0          0          0   __rtentry2.o
         6          0          0          0          0          0   __rtentry4.o
        52          8          0          0          0          0   __scatter.o
        26          0          0          0          0          0   __scatter_copy.o
        28          0          0          0          0          0   __scatter_zi.o
        48          6          0          0          0         96   _printf_char_common.o
        36          4          0          0          0         80   _printf_char_file.o
         6          0          0          0          0          0   _printf_d.o
       120         16          0          0          0         92   _printf_dec.o
       178          0          0          0          0         88   _printf_intcommon.o
         0          0          0          0          0          0   _printf_percent.o
         4          0          0          0          0          0   _printf_percent_end.o
        18          0          0          0          0         80   exit.o
         8          0          0          0          0         68   ferror.o
         6          0          0          0          0        152   heapauxi.o
         2          0          0          0          0          0   libinit.o
         6          0          0          0          0          0   libinit2.o
         2          0          0          0          0          0   libshutdown.o
         2          0          0          0          0          0   libshutdown2.o
         8          4          0          0         96         68   libspace.o
        88          0          0          0          0         76   memcmp.o
        24          4          0          0          0         84   noretval__2printf.o
        68          0          0          0          0         68   rt_memclr.o
        78          0          0          0          0         80   rt_memclr_w.o
       138          0          0          0          0         68   rt_memcpy_v6.o
       100          0          0          0          0         80   rt_memcpy_w.o
         2          0          0          0          0          0   rtexit.o
        10          0          0          0          0          0   rtexit2.o
        74          0          0          0          0         80   sys_stackheap_outer.o
        10          0          0          0          0        116   fpinit.o

    ----------------------------------------------------------------------
      1276         42          0          0        100       1528   Library Totals
         4          0          0          0          4          0   (incl. Padding)

    ----------------------------------------------------------------------

      Code (inc. data)   RO Data    RW Data    ZI Data      Debug   Library Name

      1262         42          0          0         96       1412   c_w.l
        10          0          0          0          0        116   fz_wm.l

    ----------------------------------------------------------------------
      1276         42          0          0        100       1528   Library Totals

    ----------------------------------------------------------------------

==============================================================================


      Code (inc. data)   RO Data    RW Data    ZI Data      Debug   

     42576       3456       1120        276      62916     437555   Grand Totals
     42576       3456       1120        276      62916     437555   ELF Image Totals
     42576       3456       1120        276          0          0   ROM Totals

==============================================================================

    Total RO  Size (Code + RO Data)                43696 (  42.67kB)
    Total RW  Size (RW Data + ZI Data)             63192 (  61.71kB)
    Total ROM Size (Code + RO Data + RW Data)      43972 (  42.94kB)

==============================================================================

