<html>
<body>
<pre>
<h1>µVision Build Log</h1>
<h2>Tool Versions:</h2>
IDE-Version: ¦ÌVision V5.38.0.0
Copyright (C) 2022 ARM Ltd and ARM Germany GmbH. All rights reserved.
License Information:  ,  , LIC=HN0AE-5MTVA-IIH5V-PWXF9-8WHZ6-Q52Q6
 
Tool Versions:
Toolchain:       MDK-ARM Plus  Version: 5.38.0.0
Toolchain Path:  C:\Keil_v5\ARM\ARMCC\Bin
C Compiler:      Armcc.exe V5.06 update 6 (build 750)
Assembler:       Armasm.exe V5.06 update 6 (build 750)
Linker/Locator:  ArmLink.exe V5.06 update 6 (build 750)
Library Manager: ArmAr.exe V5.06 update 6 (build 750)
Hex Converter:   FromElf.exe V5.06 update 6 (build 750)
CPU DLL:         SARMCM3.DLL V5.38.0.0
Dialog DLL:      DCM.DLL V1.17.5.0
Target DLL:      CMSIS_AGDI.dll V1.33.15.0
Dialog DLL:      TCM.DLL V1.56.4.0
 
<h2>Project:</h2>
E:\GD32\01-Project\lwip\project\project.uvprojx
Project File Date:  05/25/2025

<h2>Output:</h2>
*** Using Compiler 'V5.06 update 6 (build 750)', folder: 'C:\Keil_v5\ARM\ARMCC\Bin'
Build target 'debug'
assembling startup_gd32f407_427.s...
compiling gd32f4xx_exti.c...
compiling gd32f4xx_dbg.c...
compiling gd32f4xx_dci.c...
compiling gd32f4xx_exmc.c...
compiling gd32f4xx_fwdgt.c...
compiling gd32f4xx_ctc.c...
compiling gd32f4xx_it.c...
compiling gd32f4xx_fmc.c...
compiling gd32f4xx_dma.c...
compiling gd32f4xx_dac.c...
compiling gd32f4xx_adc.c...
compiling gd32f4xx_can.c...
compiling main.c...
compiling gd32f4xx_enet.c...
compiling gd32f4xx_crc.c...
compiling gd32f4xx_gpio.c...
compiling gd32f4xx_iref.c...
compiling gd32f4xx_i2c.c...
compiling gd32f4xx_ipa.c...
compiling gd32f4xx_rcu.c...
compiling gd32f4xx_misc.c...
compiling gd32f4xx_pmu.c...
compiling gd32f4xx_rtc.c...
compiling gd32f4xx_spi.c...
compiling gd32f4xx_usart.c...
compiling gd32f4xx_sdio.c...
compiling gd32f4xx_timer.c...
compiling gd32f4xx_trng.c...
compiling gd32f4xx_tli.c...
compiling gd32f4xx_syscfg.c...
compiling gd32f4xx_wwdgt.c...
compiling system_gd32f4xx.c...
compiling ringbuffer.c...
compiling api_lib.c...
compiling if_api.c...
compiling api_msg.c...
compiling netbuf.c...
compiling netdb.c...
compiling err.c...
compiling bsp_uart.c...
compiling bsp_sd.c...
compiling bsp_led.c...
compiling bsp_enet.c...
compiling soft_timer.c...
compiling sdcard.c...
compiling netconf.c...
compiling spi_flash.c...
..\USER\bsp\spi_flash.c(72): warning:  #188-D: enumerated type mixed with another type
      W25QXX_CS_ON(0);
..\USER\bsp\spi_flash.c(86): warning:  #188-D: enumerated type mixed with another type
      W25QXX_CS_ON(1);
..\USER\bsp\spi_flash.c(95): warning:  #188-D: enumerated type mixed with another type
      W25QXX_CS_ON(0);
..\USER\bsp\spi_flash.c(99): warning:  #188-D: enumerated type mixed with another type
      W25QXX_CS_ON(1);
..\USER\bsp\spi_flash.c(116): warning:  #188-D: enumerated type mixed with another type
          W25QXX_CS_ON(0);
..\USER\bsp\spi_flash.c(122): warning:  #188-D: enumerated type mixed with another type
          W25QXX_CS_ON(1);
..\USER\bsp\spi_flash.c(142): warning:  #188-D: enumerated type mixed with another type
      W25QXX_CS_ON(0);
..\USER\bsp\spi_flash.c(152): warning:  #188-D: enumerated type mixed with another type
      W25QXX_CS_ON(1);
..\USER\bsp\spi_flash.c(176): warning:  #188-D: enumerated type mixed with another type
      W25QXX_CS_ON(0);
..\USER\bsp\spi_flash.c(191): warning:  #188-D: enumerated type mixed with another type
      W25QXX_CS_ON(1);
..\USER\bsp\spi_flash.c(208): warning:  #188-D: enumerated type mixed with another type
      W25QXX_CS_ON(0);
..\USER\bsp\spi_flash.c(223): warning:  #188-D: enumerated type mixed with another type
      W25QXX_CS_ON(1);
..\USER\bsp\spi_flash.c: 12 warnings, 0 errors
compiling bsp_fmc.c...
compiling sockets.c...
compiling netifapi.c...
compiling altcp_alloc.c...
compiling altcp_tcp.c...
compiling def.c...
compiling altcp.c...
compiling tcpip.c...
compiling dns.c...
compiling inet_chksum.c...
compiling ip.c...
compiling init.c...
compiling mem.c...
compiling netif.c...
compiling pbuf.c...
compiling memp.c...
compiling raw.c...
compiling sys.c...
compiling stats.c...
compiling tcp.c...
compiling tcp_out.c...
compiling tcp_in.c...
compiling autoip.c...
compiling timeouts.c...
compiling etharp.c...
compiling ip4.c...
compiling udp.c...
compiling igmp.c...
compiling icmp.c...
compiling dhcp.c...
compiling ip4_addr.c...
compiling ip4_frag.c...
compiling ethernet.c...
compiling ethernetif.c...
linking...
Program Size: Code=34064 RO-data=1076 RW-data=272 ZI-data=62856  
FromELF: creating hex file...
After Build - User command #2: Keil5_disp_size_bar_v0.3.exe
[Keil5_disp_size_bar V0.3]: start find map file
[Keil5_disp_size_bar V0.3]: Found:E:\GD32\01-Project\lwip\project\Listings\project.map
[Keil5_disp_size_bar V0.3]: found end
ram:
  448 KB   ram1:|¡ö¡ö__________________| 13.76 % (   61.65 KB /   448.00 KB) [395624 B]
flash:
 1024 KB flash1:|____________________|  3.35 % (   34.32 KB /  1024.00 KB) [1013436 B]
 
".\Objects\project.axf" - 0 Error(s), 12 Warning(s).

<h2>Software Packages used:</h2>

Package Vendor: ARM
                http://www.keil.com/pack/ARM.CMSIS.5.9.0.pack
                ARM.CMSIS.5.9.0
                CMSIS (Common Microcontroller Software Interface Standard)
   * Component: CORE Version: 5.6.0

Package Vendor: GigaDevice
                https://gd32mcu.com/data/documents/pack/GigaDevice.GD32F4xx_DFP.3.1.0.pack
                GigaDevice.GD32F4xx_DFP.3.1.0
                GigaDevice GD32F4xx Series Device Support and Examples

<h2>Collection of Component include folders:</h2>
  ./RTE/_debug
  C:/Users/crs/AppData/Local/Arm/Packs/ARM/CMSIS/5.9.0/CMSIS/Core/Include
  C:/Users/crs/AppData/Local/Arm/Packs/GigaDevice/GD32F4xx_DFP/3.1.0/Device/F4XX/Include

<h2>Collection of Component Files used:</h2>

   * Component: ARM::CMSIS:CORE:5.6.0
Build Time Elapsed:  00:00:08
</pre>
</body>
</html>
