<html>
<body>
<pre>
<h1>µVision Build Log</h1>
<h2>Tool Versions:</h2>
IDE-Version: ¦ÌVision V5.38.0.0
Copyright (C) 2022 ARM Ltd and ARM Germany GmbH. All rights reserved.
License Information:  ,  , LIC=HN0AE-5MTVA-IIH5V-PWXF9-8WHZ6-Q52Q6
 
Tool Versions:
Toolchain:       MDK-ARM Plus  Version: 5.38.0.0
Toolchain Path:  C:\Keil_v5\ARM\ARMCC\Bin
C Compiler:      Armcc.exe V5.06 update 6 (build 750)
Assembler:       Armasm.exe V5.06 update 6 (build 750)
Linker/Locator:  ArmLink.exe V5.06 update 6 (build 750)
Library Manager: ArmAr.exe V5.06 update 6 (build 750)
Hex Converter:   FromElf.exe V5.06 update 6 (build 750)
CPU DLL:         SARMCM3.DLL V5.38.0.0
Dialog DLL:      DCM.DLL V1.17.5.0
Target DLL:      CMSIS_AGDI.dll V1.33.15.0
Dialog DLL:      TCM.DLL V1.56.4.0
 
<h2>Project:</h2>
E:\GD32\01-Project\lwip\project\project.uvprojx
Project File Date:  05/26/2025

<h2>Output:</h2>
*** Using Compiler 'V5.06 update 6 (build 750)', folder: 'C:\Keil_v5\ARM\ARMCC\Bin'
Build target 'debug'
compiling bsp_enet.c...
..\user\bsp\bsp_enet.c(414): warning:  #177-D: variable "g_ip"  was declared but never referenced
  	uint32_t g_ip = 0, g_netmask = 0, g_gw = 0;
..\user\bsp\bsp_enet.c(414): warning:  #177-D: variable "g_netmask"  was declared but never referenced
  	uint32_t g_ip = 0, g_netmask = 0, g_gw = 0;
..\user\bsp\bsp_enet.c(414): warning:  #177-D: variable "g_gw"  was declared but never referenced
  	uint32_t g_ip = 0, g_netmask = 0, g_gw = 0;
..\user\bsp\bsp_enet.c: 3 warnings, 0 errors
linking...
Program Size: Code=42576 RO-data=1120 RW-data=276 ZI-data=62916  
FromELF: creating hex file...
After Build - User command #2: Keil5_disp_size_bar_v0.3.exe
[Keil5_disp_size_bar V0.3]: start find map file
[Keil5_disp_size_bar V0.3]: Found:E:\GD32\01-Project\lwip\project\Listings\project.map
[Keil5_disp_size_bar V0.3]: found end
ram:
  448 KB   ram1:|¡ö¡ö__________________| 13.77 % (   61.71 KB /   448.00 KB) [395560 B]
flash:
 1024 KB flash1:|____________________|  4.17 % (   42.67 KB /  1024.00 KB) [1004880 B]
 
".\Objects\project.axf" - 0 Error(s), 3 Warning(s).

<h2>Software Packages used:</h2>

Package Vendor: ARM
                http://www.keil.com/pack/ARM.CMSIS.5.9.0.pack
                ARM.CMSIS.5.9.0
                CMSIS (Common Microcontroller Software Interface Standard)
   * Component: CORE Version: 5.6.0

Package Vendor: GigaDevice
                https://gd32mcu.com/data/documents/pack/GigaDevice.GD32F4xx_DFP.3.1.0.pack
                GigaDevice.GD32F4xx_DFP.3.1.0
                GigaDevice GD32F4xx Series Device Support and Examples

<h2>Collection of Component include folders:</h2>
  ./RTE/_debug
  C:/Users/crs/AppData/Local/Arm/Packs/ARM/CMSIS/5.9.0/CMSIS/Core/Include
  C:/Users/crs/AppData/Local/Arm/Packs/GigaDevice/GD32F4xx_DFP/3.1.0/Device/F4XX/Include

<h2>Collection of Component Files used:</h2>

   * Component: ARM::CMSIS:CORE:5.6.0
Build Time Elapsed:  00:00:01
</pre>
</body>
</html>
